09:24:28 **** Build of configuration Debug for project arm ****
make all 
Building file: ../startup/startup_stm32h743xx.s
Invoking: MCU GCC Assembler
/Users/simon/Documents/eagle/pbxl/sw/arm/Debug
arm-none-eabi-as -mcpu=cortex-m7 -mthumb -mfloat-abi=hard -mfpu=fpv5-d16 -g -o "startup/startup_stm32h743xx.o" "../startup/startup_stm32h743xx.s"
Finished building: ../startup/startup_stm32h743xx.s
 
Building file: ../Middlewares/Third_Party/FreeRTOS/Source/portable/MemMang/heap_4.c
Invoking: MCU GCC Compiler
/Users/simon/Documents/eagle/pbxl/sw/arm/Debug
arm-none-eabi-gcc -mcpu=cortex-m7 -mthumb -mfloat-abi=hard -mfpu=fpv5-d16 '-D__weak=__attribute__((weak))' '-D__packed="__attribute__((__packed__))"' -DUSE_HAL_DRIVER -DSTM32H743xx -I"/Users/simon/Documents/eagle/pbxl/sw/arm/FATFS/Target" -I"/Users/simon/Documents/eagle/pbxl/sw/arm/FATFS/App" -I"/Users/simon/Documents/eagle/pbxl/sw/arm/Core/Inc" -I"/Users/simon/Documents/eagle/pbxl/sw/arm/Drivers/STM32H7xx_HAL_Driver/Inc" -I"/Users/simon/Documents/eagle/pbxl/sw/arm/Utilities/JPEG" -I"/Users/simon/Documents/eagle/pbxl/sw/arm/Drivers/STM32H7xx_HAL_Driver/Inc/Legacy" -I"/Users/simon/Documents/eagle/pbxl/sw/arm/Middlewares/Third_Party/FatFs/src" -I"/Users/simon/Documents/eagle/pbxl/sw/arm/Middlewares/Third_Party/FreeRTOS/Source/include" -I"/Users/simon/Documents/eagle/pbxl/sw/arm/Middlewares/Third_Party/FreeRTOS/Source/CMSIS_RTOS" -I"/Users/simon/Documents/eagle/pbxl/sw/arm/Middlewares/Third_Party/FreeRTOS/Source/portable/GCC/ARM_CM7/r0p1" -I"/Users/simon/Documents/eagle/pbxl/sw/arm/Drivers/CMSIS/Device/ST/STM32H7xx/Include" -I"/Users/simon/Documents/eagle/pbxl/sw/arm/Drivers/CMSIS/Include"  -Og -g3 -Wall -fmessage-length=0 -ffunction-sections -c -fmessage-length=0 -MMD -MP -MF"Middlewares/Third_Party/FreeRTOS/Source/portable/MemMang/heap_4.d" -MT"Middlewares/Third_Party/FreeRTOS/Source/portable/MemMang/heap_4.o" -o "Middlewares/Third_Party/FreeRTOS/Source/portable/MemMang/heap_4.o" "../Middlewares/Third_Party/FreeRTOS/Source/portable/MemMang/heap_4.c"
Finished building: ../Middlewares/Third_Party/FreeRTOS/Source/portable/MemMang/heap_4.c
 
Building file: ../Middlewares/Third_Party/FreeRTOS/Source/portable/GCC/ARM_CM7/r0p1/port.c
Invoking: MCU GCC Compiler
/Users/simon/Documents/eagle/pbxl/sw/arm/Debug
arm-none-eabi-gcc -mcpu=cortex-m7 -mthumb -mfloat-abi=hard -mfpu=fpv5-d16 '-D__weak=__attribute__((weak))' '-D__packed="__attribute__((__packed__))"' -DUSE_HAL_DRIVER -DSTM32H743xx -I"/Users/simon/Documents/eagle/pbxl/sw/arm/FATFS/Target" -I"/Users/simon/Documents/eagle/pbxl/sw/arm/FATFS/App" -I"/Users/simon/Documents/eagle/pbxl/sw/arm/Core/Inc" -I"/Users/simon/Documents/eagle/pbxl/sw/arm/Drivers/STM32H7xx_HAL_Driver/Inc" -I"/Users/simon/Documents/eagle/pbxl/sw/arm/Utilities/JPEG" -I"/Users/simon/Documents/eagle/pbxl/sw/arm/Drivers/STM32H7xx_HAL_Driver/Inc/Legacy" -I"/Users/simon/Documents/eagle/pbxl/sw/arm/Middlewares/Third_Party/FatFs/src" -I"/Users/simon/Documents/eagle/pbxl/sw/arm/Middlewares/Third_Party/FreeRTOS/Source/include" -I"/Users/simon/Documents/eagle/pbxl/sw/arm/Middlewares/Third_Party/FreeRTOS/Source/CMSIS_RTOS" -I"/Users/simon/Documents/eagle/pbxl/sw/arm/Middlewares/Third_Party/FreeRTOS/Source/portable/GCC/ARM_CM7/r0p1" -I"/Users/simon/Documents/eagle/pbxl/sw/arm/Drivers/CMSIS/Device/ST/STM32H7xx/Include" -I"/Users/simon/Documents/eagle/pbxl/sw/arm/Drivers/CMSIS/Include"  -Og -g3 -Wall -fmessage-length=0 -ffunction-sections -c -fmessage-length=0 -MMD -MP -MF"Middlewares/Third_Party/FreeRTOS/Source/portable/GCC/ARM_CM7/r0p1/port.d" -MT"Middlewares/Third_Party/FreeRTOS/Source/portable/GCC/ARM_CM7/r0p1/port.o" -o "Middlewares/Third_Party/FreeRTOS/Source/portable/GCC/ARM_CM7/r0p1/port.o" "../Middlewares/Third_Party/FreeRTOS/Source/portable/GCC/ARM_CM7/r0p1/port.c"
Finished building: ../Middlewares/Third_Party/FreeRTOS/Source/portable/GCC/ARM_CM7/r0p1/port.c
 
Building file: ../Middlewares/Third_Party/FreeRTOS/Source/CMSIS_RTOS/cmsis_os.c
Invoking: MCU GCC Compiler
/Users/simon/Documents/eagle/pbxl/sw/arm/Debug
arm-none-eabi-gcc -mcpu=cortex-m7 -mthumb -mfloat-abi=hard -mfpu=fpv5-d16 '-D__weak=__attribute__((weak))' '-D__packed="__attribute__((__packed__))"' -DUSE_HAL_DRIVER -DSTM32H743xx -I"/Users/simon/Documents/eagle/pbxl/sw/arm/FATFS/Target" -I"/Users/simon/Documents/eagle/pbxl/sw/arm/FATFS/App" -I"/Users/simon/Documents/eagle/pbxl/sw/arm/Core/Inc" -I"/Users/simon/Documents/eagle/pbxl/sw/arm/Drivers/STM32H7xx_HAL_Driver/Inc" -I"/Users/simon/Documents/eagle/pbxl/sw/arm/Utilities/JPEG" -I"/Users/simon/Documents/eagle/pbxl/sw/arm/Drivers/STM32H7xx_HAL_Driver/Inc/Legacy" -I"/Users/simon/Documents/eagle/pbxl/sw/arm/Middlewares/Third_Party/FatFs/src" -I"/Users/simon/Documents/eagle/pbxl/sw/arm/Middlewares/Third_Party/FreeRTOS/Source/include" -I"/Users/simon/Documents/eagle/pbxl/sw/arm/Middlewares/Third_Party/FreeRTOS/Source/CMSIS_RTOS" -I"/Users/simon/Documents/eagle/pbxl/sw/arm/Middlewares/Third_Party/FreeRTOS/Source/portable/GCC/ARM_CM7/r0p1" -I"/Users/simon/Documents/eagle/pbxl/sw/arm/Drivers/CMSIS/Device/ST/STM32H7xx/Include" -I"/Users/simon/Documents/eagle/pbxl/sw/arm/Drivers/CMSIS/Include"  -Og -g3 -Wall -fmessage-length=0 -ffunction-sections -c -fmessage-length=0 -MMD -MP -MF"Middlewares/Third_Party/FreeRTOS/Source/CMSIS_RTOS/cmsis_os.d" -MT"Middlewares/Third_Party/FreeRTOS/Source/CMSIS_RTOS/cmsis_os.o" -o "Middlewares/Third_Party/FreeRTOS/Source/CMSIS_RTOS/cmsis_os.o" "../Middlewares/Third_Party/FreeRTOS/Source/CMSIS_RTOS/cmsis_os.c"
Finished building: ../Middlewares/Third_Party/FreeRTOS/Source/CMSIS_RTOS/cmsis_os.c
 
Building file: ../Middlewares/Third_Party/FreeRTOS/Source/croutine.c
Invoking: MCU GCC Compiler
/Users/simon/Documents/eagle/pbxl/sw/arm/Debug
arm-none-eabi-gcc -mcpu=cortex-m7 -mthumb -mfloat-abi=hard -mfpu=fpv5-d16 '-D__weak=__attribute__((weak))' '-D__packed="__attribute__((__packed__))"' -DUSE_HAL_DRIVER -DSTM32H743xx -I"/Users/simon/Documents/eagle/pbxl/sw/arm/FATFS/Target" -I"/Users/simon/Documents/eagle/pbxl/sw/arm/FATFS/App" -I"/Users/simon/Documents/eagle/pbxl/sw/arm/Core/Inc" -I"/Users/simon/Documents/eagle/pbxl/sw/arm/Drivers/STM32H7xx_HAL_Driver/Inc" -I"/Users/simon/Documents/eagle/pbxl/sw/arm/Utilities/JPEG" -I"/Users/simon/Documents/eagle/pbxl/sw/arm/Drivers/STM32H7xx_HAL_Driver/Inc/Legacy" -I"/Users/simon/Documents/eagle/pbxl/sw/arm/Middlewares/Third_Party/FatFs/src" -I"/Users/simon/Documents/eagle/pbxl/sw/arm/Middlewares/Third_Party/FreeRTOS/Source/include" -I"/Users/simon/Documents/eagle/pbxl/sw/arm/Middlewares/Third_Party/FreeRTOS/Source/CMSIS_RTOS" -I"/Users/simon/Documents/eagle/pbxl/sw/arm/Middlewares/Third_Party/FreeRTOS/Source/portable/GCC/ARM_CM7/r0p1" -I"/Users/simon/Documents/eagle/pbxl/sw/arm/Drivers/CMSIS/Device/ST/STM32H7xx/Include" -I"/Users/simon/Documents/eagle/pbxl/sw/arm/Drivers/CMSIS/Include"  -Og -g3 -Wall -fmessage-length=0 -ffunction-sections -c -fmessage-length=0 -MMD -MP -MF"Middlewares/Third_Party/FreeRTOS/Source/croutine.d" -MT"Middlewares/Third_Party/FreeRTOS/Source/croutine.o" -o "Middlewares/Third_Party/FreeRTOS/Source/croutine.o" "../Middlewares/Third_Party/FreeRTOS/Source/croutine.c"
Finished building: ../Middlewares/Third_Party/FreeRTOS/Source/croutine.c
 
Building file: ../Middlewares/Third_Party/FreeRTOS/Source/event_groups.c
Invoking: MCU GCC Compiler
/Users/simon/Documents/eagle/pbxl/sw/arm/Debug
arm-none-eabi-gcc -mcpu=cortex-m7 -mthumb -mfloat-abi=hard -mfpu=fpv5-d16 '-D__weak=__attribute__((weak))' '-D__packed="__attribute__((__packed__))"' -DUSE_HAL_DRIVER -DSTM32H743xx -I"/Users/simon/Documents/eagle/pbxl/sw/arm/FATFS/Target" -I"/Users/simon/Documents/eagle/pbxl/sw/arm/FATFS/App" -I"/Users/simon/Documents/eagle/pbxl/sw/arm/Core/Inc" -I"/Users/simon/Documents/eagle/pbxl/sw/arm/Drivers/STM32H7xx_HAL_Driver/Inc" -I"/Users/simon/Documents/eagle/pbxl/sw/arm/Utilities/JPEG" -I"/Users/simon/Documents/eagle/pbxl/sw/arm/Drivers/STM32H7xx_HAL_Driver/Inc/Legacy" -I"/Users/simon/Documents/eagle/pbxl/sw/arm/Middlewares/Third_Party/FatFs/src" -I"/Users/simon/Documents/eagle/pbxl/sw/arm/Middlewares/Third_Party/FreeRTOS/Source/include" -I"/Users/simon/Documents/eagle/pbxl/sw/arm/Middlewares/Third_Party/FreeRTOS/Source/CMSIS_RTOS" -I"/Users/simon/Documents/eagle/pbxl/sw/arm/Middlewares/Third_Party/FreeRTOS/Source/portable/GCC/ARM_CM7/r0p1" -I"/Users/simon/Documents/eagle/pbxl/sw/arm/Drivers/CMSIS/Device/ST/STM32H7xx/Include" -I"/Users/simon/Documents/eagle/pbxl/sw/arm/Drivers/CMSIS/Include"  -Og -g3 -Wall -fmessage-length=0 -ffunction-sections -c -fmessage-length=0 -MMD -MP -MF"Middlewares/Third_Party/FreeRTOS/Source/event_groups.d" -MT"Middlewares/Third_Party/FreeRTOS/Source/event_groups.o" -o "Middlewares/Third_Party/FreeRTOS/Source/event_groups.o" "../Middlewares/Third_Party/FreeRTOS/Source/event_groups.c"
Finished building: ../Middlewares/Third_Party/FreeRTOS/Source/event_groups.c
 
Building file: ../Middlewares/Third_Party/FreeRTOS/Source/list.c
Invoking: MCU GCC Compiler
/Users/simon/Documents/eagle/pbxl/sw/arm/Debug
arm-none-eabi-gcc -mcpu=cortex-m7 -mthumb -mfloat-abi=hard -mfpu=fpv5-d16 '-D__weak=__attribute__((weak))' '-D__packed="__attribute__((__packed__))"' -DUSE_HAL_DRIVER -DSTM32H743xx -I"/Users/simon/Documents/eagle/pbxl/sw/arm/FATFS/Target" -I"/Users/simon/Documents/eagle/pbxl/sw/arm/FATFS/App" -I"/Users/simon/Documents/eagle/pbxl/sw/arm/Core/Inc" -I"/Users/simon/Documents/eagle/pbxl/sw/arm/Drivers/STM32H7xx_HAL_Driver/Inc" -I"/Users/simon/Documents/eagle/pbxl/sw/arm/Utilities/JPEG" -I"/Users/simon/Documents/eagle/pbxl/sw/arm/Drivers/STM32H7xx_HAL_Driver/Inc/Legacy" -I"/Users/simon/Documents/eagle/pbxl/sw/arm/Middlewares/Third_Party/FatFs/src" -I"/Users/simon/Documents/eagle/pbxl/sw/arm/Middlewares/Third_Party/FreeRTOS/Source/include" -I"/Users/simon/Documents/eagle/pbxl/sw/arm/Middlewares/Third_Party/FreeRTOS/Source/CMSIS_RTOS" -I"/Users/simon/Documents/eagle/pbxl/sw/arm/Middlewares/Third_Party/FreeRTOS/Source/portable/GCC/ARM_CM7/r0p1" -I"/Users/simon/Documents/eagle/pbxl/sw/arm/Drivers/CMSIS/Device/ST/STM32H7xx/Include" -I"/Users/simon/Documents/eagle/pbxl/sw/arm/Drivers/CMSIS/Include"  -Og -g3 -Wall -fmessage-length=0 -ffunction-sections -c -fmessage-length=0 -MMD -MP -MF"Middlewares/Third_Party/FreeRTOS/Source/list.d" -MT"Middlewares/Third_Party/FreeRTOS/Source/list.o" -o "Middlewares/Third_Party/FreeRTOS/Source/list.o" "../Middlewares/Third_Party/FreeRTOS/Source/list.c"
Finished building: ../Middlewares/Third_Party/FreeRTOS/Source/list.c
 
Building file: ../Middlewares/Third_Party/FreeRTOS/Source/queue.c
Invoking: MCU GCC Compiler
/Users/simon/Documents/eagle/pbxl/sw/arm/Debug
arm-none-eabi-gcc -mcpu=cortex-m7 -mthumb -mfloat-abi=hard -mfpu=fpv5-d16 '-D__weak=__attribute__((weak))' '-D__packed="__attribute__((__packed__))"' -DUSE_HAL_DRIVER -DSTM32H743xx -I"/Users/simon/Documents/eagle/pbxl/sw/arm/FATFS/Target" -I"/Users/simon/Documents/eagle/pbxl/sw/arm/FATFS/App" -I"/Users/simon/Documents/eagle/pbxl/sw/arm/Core/Inc" -I"/Users/simon/Documents/eagle/pbxl/sw/arm/Drivers/STM32H7xx_HAL_Driver/Inc" -I"/Users/simon/Documents/eagle/pbxl/sw/arm/Utilities/JPEG" -I"/Users/simon/Documents/eagle/pbxl/sw/arm/Drivers/STM32H7xx_HAL_Driver/Inc/Legacy" -I"/Users/simon/Documents/eagle/pbxl/sw/arm/Middlewares/Third_Party/FatFs/src" -I"/Users/simon/Documents/eagle/pbxl/sw/arm/Middlewares/Third_Party/FreeRTOS/Source/include" -I"/Users/simon/Documents/eagle/pbxl/sw/arm/Middlewares/Third_Party/FreeRTOS/Source/CMSIS_RTOS" -I"/Users/simon/Documents/eagle/pbxl/sw/arm/Middlewares/Third_Party/FreeRTOS/Source/portable/GCC/ARM_CM7/r0p1" -I"/Users/simon/Documents/eagle/pbxl/sw/arm/Drivers/CMSIS/Device/ST/STM32H7xx/Include" -I"/Users/simon/Documents/eagle/pbxl/sw/arm/Drivers/CMSIS/Include"  -Og -g3 -Wall -fmessage-length=0 -ffunction-sections -c -fmessage-length=0 -MMD -MP -MF"Middlewares/Third_Party/FreeRTOS/Source/queue.d" -MT"Middlewares/Third_Party/FreeRTOS/Source/queue.o" -o "Middlewares/Third_Party/FreeRTOS/Source/queue.o" "../Middlewares/Third_Party/FreeRTOS/Source/queue.c"
Finished building: ../Middlewares/Third_Party/FreeRTOS/Source/queue.c
 
Building file: ../Middlewares/Third_Party/FreeRTOS/Source/tasks.c
Invoking: MCU GCC Compiler
/Users/simon/Documents/eagle/pbxl/sw/arm/Debug
arm-none-eabi-gcc -mcpu=cortex-m7 -mthumb -mfloat-abi=hard -mfpu=fpv5-d16 '-D__weak=__attribute__((weak))' '-D__packed="__attribute__((__packed__))"' -DUSE_HAL_DRIVER -DSTM32H743xx -I"/Users/simon/Documents/eagle/pbxl/sw/arm/FATFS/Target" -I"/Users/simon/Documents/eagle/pbxl/sw/arm/FATFS/App" -I"/Users/simon/Documents/eagle/pbxl/sw/arm/Core/Inc" -I"/Users/simon/Documents/eagle/pbxl/sw/arm/Drivers/STM32H7xx_HAL_Driver/Inc" -I"/Users/simon/Documents/eagle/pbxl/sw/arm/Utilities/JPEG" -I"/Users/simon/Documents/eagle/pbxl/sw/arm/Drivers/STM32H7xx_HAL_Driver/Inc/Legacy" -I"/Users/simon/Documents/eagle/pbxl/sw/arm/Middlewares/Third_Party/FatFs/src" -I"/Users/simon/Documents/eagle/pbxl/sw/arm/Middlewares/Third_Party/FreeRTOS/Source/include" -I"/Users/simon/Documents/eagle/pbxl/sw/arm/Middlewares/Third_Party/FreeRTOS/Source/CMSIS_RTOS" -I"/Users/simon/Documents/eagle/pbxl/sw/arm/Middlewares/Third_Party/FreeRTOS/Source/portable/GCC/ARM_CM7/r0p1" -I"/Users/simon/Documents/eagle/pbxl/sw/arm/Drivers/CMSIS/Device/ST/STM32H7xx/Include" -I"/Users/simon/Documents/eagle/pbxl/sw/arm/Drivers/CMSIS/Include"  -Og -g3 -Wall -fmessage-length=0 -ffunction-sections -c -fmessage-length=0 -MMD -MP -MF"Middlewares/Third_Party/FreeRTOS/Source/tasks.d" -MT"Middlewares/Third_Party/FreeRTOS/Source/tasks.o" -o "Middlewares/Third_Party/FreeRTOS/Source/tasks.o" "../Middlewares/Third_Party/FreeRTOS/Source/tasks.c"
Finished building: ../Middlewares/Third_Party/FreeRTOS/Source/tasks.c
 
Building file: ../Middlewares/Third_Party/FreeRTOS/Source/timers.c
Invoking: MCU GCC Compiler
/Users/simon/Documents/eagle/pbxl/sw/arm/Debug
arm-none-eabi-gcc -mcpu=cortex-m7 -mthumb -mfloat-abi=hard -mfpu=fpv5-d16 '-D__weak=__attribute__((weak))' '-D__packed="__attribute__((__packed__))"' -DUSE_HAL_DRIVER -DSTM32H743xx -I"/Users/simon/Documents/eagle/pbxl/sw/arm/FATFS/Target" -I"/Users/simon/Documents/eagle/pbxl/sw/arm/FATFS/App" -I"/Users/simon/Documents/eagle/pbxl/sw/arm/Core/Inc" -I"/Users/simon/Documents/eagle/pbxl/sw/arm/Drivers/STM32H7xx_HAL_Driver/Inc" -I"/Users/simon/Documents/eagle/pbxl/sw/arm/Utilities/JPEG" -I"/Users/simon/Documents/eagle/pbxl/sw/arm/Drivers/STM32H7xx_HAL_Driver/Inc/Legacy" -I"/Users/simon/Documents/eagle/pbxl/sw/arm/Middlewares/Third_Party/FatFs/src" -I"/Users/simon/Documents/eagle/pbxl/sw/arm/Middlewares/Third_Party/FreeRTOS/Source/include" -I"/Users/simon/Documents/eagle/pbxl/sw/arm/Middlewares/Third_Party/FreeRTOS/Source/CMSIS_RTOS" -I"/Users/simon/Documents/eagle/pbxl/sw/arm/Middlewares/Third_Party/FreeRTOS/Source/portable/GCC/ARM_CM7/r0p1" -I"/Users/simon/Documents/eagle/pbxl/sw/arm/Drivers/CMSIS/Device/ST/STM32H7xx/Include" -I"/Users/simon/Documents/eagle/pbxl/sw/arm/Drivers/CMSIS/Include"  -Og -g3 -Wall -fmessage-length=0 -ffunction-sections -c -fmessage-length=0 -MMD -MP -MF"Middlewares/Third_Party/FreeRTOS/Source/timers.d" -MT"Middlewares/Third_Party/FreeRTOS/Source/timers.o" -o "Middlewares/Third_Party/FreeRTOS/Source/timers.o" "../Middlewares/Third_Party/FreeRTOS/Source/timers.c"
Finished building: ../Middlewares/Third_Party/FreeRTOS/Source/timers.c
 
Building file: ../Middlewares/Third_Party/FatFs/src/option/syscall.c
Invoking: MCU GCC Compiler
/Users/simon/Documents/eagle/pbxl/sw/arm/Debug
arm-none-eabi-gcc -mcpu=cortex-m7 -mthumb -mfloat-abi=hard -mfpu=fpv5-d16 '-D__weak=__attribute__((weak))' '-D__packed="__attribute__((__packed__))"' -DUSE_HAL_DRIVER -DSTM32H743xx -I"/Users/simon/Documents/eagle/pbxl/sw/arm/FATFS/Target" -I"/Users/simon/Documents/eagle/pbxl/sw/arm/FATFS/App" -I"/Users/simon/Documents/eagle/pbxl/sw/arm/Core/Inc" -I"/Users/simon/Documents/eagle/pbxl/sw/arm/Drivers/STM32H7xx_HAL_Driver/Inc" -I"/Users/simon/Documents/eagle/pbxl/sw/arm/Utilities/JPEG" -I"/Users/simon/Documents/eagle/pbxl/sw/arm/Drivers/STM32H7xx_HAL_Driver/Inc/Legacy" -I"/Users/simon/Documents/eagle/pbxl/sw/arm/Middlewares/Third_Party/FatFs/src" -I"/Users/simon/Documents/eagle/pbxl/sw/arm/Middlewares/Third_Party/FreeRTOS/Source/include" -I"/Users/simon/Documents/eagle/pbxl/sw/arm/Middlewares/Third_Party/FreeRTOS/Source/CMSIS_RTOS" -I"/Users/simon/Documents/eagle/pbxl/sw/arm/Middlewares/Third_Party/FreeRTOS/Source/portable/GCC/ARM_CM7/r0p1" -I"/Users/simon/Documents/eagle/pbxl/sw/arm/Drivers/CMSIS/Device/ST/STM32H7xx/Include" -I"/Users/simon/Documents/eagle/pbxl/sw/arm/Drivers/CMSIS/Include"  -Og -g3 -Wall -fmessage-length=0 -ffunction-sections -c -fmessage-length=0 -MMD -MP -MF"Middlewares/Third_Party/FatFs/src/option/syscall.d" -MT"Middlewares/Third_Party/FatFs/src/option/syscall.o" -o "Middlewares/Third_Party/FatFs/src/option/syscall.o" "../Middlewares/Third_Party/FatFs/src/option/syscall.c"
Finished building: ../Middlewares/Third_Party/FatFs/src/option/syscall.c
 
Building file: ../Middlewares/Third_Party/FatFs/src/diskio.c
Invoking: MCU GCC Compiler
/Users/simon/Documents/eagle/pbxl/sw/arm/Debug
arm-none-eabi-gcc -mcpu=cortex-m7 -mthumb -mfloat-abi=hard -mfpu=fpv5-d16 '-D__weak=__attribute__((weak))' '-D__packed="__attribute__((__packed__))"' -DUSE_HAL_DRIVER -DSTM32H743xx -I"/Users/simon/Documents/eagle/pbxl/sw/arm/FATFS/Target" -I"/Users/simon/Documents/eagle/pbxl/sw/arm/FATFS/App" -I"/Users/simon/Documents/eagle/pbxl/sw/arm/Core/Inc" -I"/Users/simon/Documents/eagle/pbxl/sw/arm/Drivers/STM32H7xx_HAL_Driver/Inc" -I"/Users/simon/Documents/eagle/pbxl/sw/arm/Utilities/JPEG" -I"/Users/simon/Documents/eagle/pbxl/sw/arm/Drivers/STM32H7xx_HAL_Driver/Inc/Legacy" -I"/Users/simon/Documents/eagle/pbxl/sw/arm/Middlewares/Third_Party/FatFs/src" -I"/Users/simon/Documents/eagle/pbxl/sw/arm/Middlewares/Third_Party/FreeRTOS/Source/include" -I"/Users/simon/Documents/eagle/pbxl/sw/arm/Middlewares/Third_Party/FreeRTOS/Source/CMSIS_RTOS" -I"/Users/simon/Documents/eagle/pbxl/sw/arm/Middlewares/Third_Party/FreeRTOS/Source/portable/GCC/ARM_CM7/r0p1" -I"/Users/simon/Documents/eagle/pbxl/sw/arm/Drivers/CMSIS/Device/ST/STM32H7xx/Include" -I"/Users/simon/Documents/eagle/pbxl/sw/arm/Drivers/CMSIS/Include"  -Og -g3 -Wall -fmessage-length=0 -ffunction-sections -c -fmessage-length=0 -MMD -MP -MF"Middlewares/Third_Party/FatFs/src/diskio.d" -MT"Middlewares/Third_Party/FatFs/src/diskio.o" -o "Middlewares/Third_Party/FatFs/src/diskio.o" "../Middlewares/Third_Party/FatFs/src/diskio.c"
Finished building: ../Middlewares/Third_Party/FatFs/src/diskio.c
 
Building file: ../Middlewares/Third_Party/FatFs/src/ff.c
Invoking: MCU GCC Compiler
/Users/simon/Documents/eagle/pbxl/sw/arm/Debug
arm-none-eabi-gcc -mcpu=cortex-m7 -mthumb -mfloat-abi=hard -mfpu=fpv5-d16 '-D__weak=__attribute__((weak))' '-D__packed="__attribute__((__packed__))"' -DUSE_HAL_DRIVER -DSTM32H743xx -I"/Users/simon/Documents/eagle/pbxl/sw/arm/FATFS/Target" -I"/Users/simon/Documents/eagle/pbxl/sw/arm/FATFS/App" -I"/Users/simon/Documents/eagle/pbxl/sw/arm/Core/Inc" -I"/Users/simon/Documents/eagle/pbxl/sw/arm/Drivers/STM32H7xx_HAL_Driver/Inc" -I"/Users/simon/Documents/eagle/pbxl/sw/arm/Utilities/JPEG" -I"/Users/simon/Documents/eagle/pbxl/sw/arm/Drivers/STM32H7xx_HAL_Driver/Inc/Legacy" -I"/Users/simon/Documents/eagle/pbxl/sw/arm/Middlewares/Third_Party/FatFs/src" -I"/Users/simon/Documents/eagle/pbxl/sw/arm/Middlewares/Third_Party/FreeRTOS/Source/include" -I"/Users/simon/Documents/eagle/pbxl/sw/arm/Middlewares/Third_Party/FreeRTOS/Source/CMSIS_RTOS" -I"/Users/simon/Documents/eagle/pbxl/sw/arm/Middlewares/Third_Party/FreeRTOS/Source/portable/GCC/ARM_CM7/r0p1" -I"/Users/simon/Documents/eagle/pbxl/sw/arm/Drivers/CMSIS/Device/ST/STM32H7xx/Include" -I"/Users/simon/Documents/eagle/pbxl/sw/arm/Drivers/CMSIS/Include"  -Og -g3 -Wall -fmessage-length=0 -ffunction-sections -c -fmessage-length=0 -MMD -MP -MF"Middlewares/Third_Party/FatFs/src/ff.d" -MT"Middlewares/Third_Party/FatFs/src/ff.o" -o "Middlewares/Third_Party/FatFs/src/ff.o" "../Middlewares/Third_Party/FatFs/src/ff.c"
Finished building: ../Middlewares/Third_Party/FatFs/src/ff.c
 
Building file: ../Middlewares/Third_Party/FatFs/src/ff_gen_drv.c
Invoking: MCU GCC Compiler
/Users/simon/Documents/eagle/pbxl/sw/arm/Debug
arm-none-eabi-gcc -mcpu=cortex-m7 -mthumb -mfloat-abi=hard -mfpu=fpv5-d16 '-D__weak=__attribute__((weak))' '-D__packed="__attribute__((__packed__))"' -DUSE_HAL_DRIVER -DSTM32H743xx -I"/Users/simon/Documents/eagle/pbxl/sw/arm/FATFS/Target" -I"/Users/simon/Documents/eagle/pbxl/sw/arm/FATFS/App" -I"/Users/simon/Documents/eagle/pbxl/sw/arm/Core/Inc" -I"/Users/simon/Documents/eagle/pbxl/sw/arm/Drivers/STM32H7xx_HAL_Driver/Inc" -I"/Users/simon/Documents/eagle/pbxl/sw/arm/Utilities/JPEG" -I"/Users/simon/Documents/eagle/pbxl/sw/arm/Drivers/STM32H7xx_HAL_Driver/Inc/Legacy" -I"/Users/simon/Documents/eagle/pbxl/sw/arm/Middlewares/Third_Party/FatFs/src" -I"/Users/simon/Documents/eagle/pbxl/sw/arm/Middlewares/Third_Party/FreeRTOS/Source/include" -I"/Users/simon/Documents/eagle/pbxl/sw/arm/Middlewares/Third_Party/FreeRTOS/Source/CMSIS_RTOS" -I"/Users/simon/Documents/eagle/pbxl/sw/arm/Middlewares/Third_Party/FreeRTOS/Source/portable/GCC/ARM_CM7/r0p1" -I"/Users/simon/Documents/eagle/pbxl/sw/arm/Drivers/CMSIS/Device/ST/STM32H7xx/Include" -I"/Users/simon/Documents/eagle/pbxl/sw/arm/Drivers/CMSIS/Include"  -Og -g3 -Wall -fmessage-length=0 -ffunction-sections -c -fmessage-length=0 -MMD -MP -MF"Middlewares/Third_Party/FatFs/src/ff_gen_drv.d" -MT"Middlewares/Third_Party/FatFs/src/ff_gen_drv.o" -o "Middlewares/Third_Party/FatFs/src/ff_gen_drv.o" "../Middlewares/Third_Party/FatFs/src/ff_gen_drv.c"
Finished building: ../Middlewares/Third_Party/FatFs/src/ff_gen_drv.c
 
Building file: ../FATFS/Target/bsp_driver_sd.c
Invoking: MCU GCC Compiler
/Users/simon/Documents/eagle/pbxl/sw/arm/Debug
arm-none-eabi-gcc -mcpu=cortex-m7 -mthumb -mfloat-abi=hard -mfpu=fpv5-d16 '-D__weak=__attribute__((weak))' '-D__packed="__attribute__((__packed__))"' -DUSE_HAL_DRIVER -DSTM32H743xx -I"/Users/simon/Documents/eagle/pbxl/sw/arm/FATFS/Target" -I"/Users/simon/Documents/eagle/pbxl/sw/arm/FATFS/App" -I"/Users/simon/Documents/eagle/pbxl/sw/arm/Core/Inc" -I"/Users/simon/Documents/eagle/pbxl/sw/arm/Drivers/STM32H7xx_HAL_Driver/Inc" -I"/Users/simon/Documents/eagle/pbxl/sw/arm/Utilities/JPEG" -I"/Users/simon/Documents/eagle/pbxl/sw/arm/Drivers/STM32H7xx_HAL_Driver/Inc/Legacy" -I"/Users/simon/Documents/eagle/pbxl/sw/arm/Middlewares/Third_Party/FatFs/src" -I"/Users/simon/Documents/eagle/pbxl/sw/arm/Middlewares/Third_Party/FreeRTOS/Source/include" -I"/Users/simon/Documents/eagle/pbxl/sw/arm/Middlewares/Third_Party/FreeRTOS/Source/CMSIS_RTOS" -I"/Users/simon/Documents/eagle/pbxl/sw/arm/Middlewares/Third_Party/FreeRTOS/Source/portable/GCC/ARM_CM7/r0p1" -I"/Users/simon/Documents/eagle/pbxl/sw/arm/Drivers/CMSIS/Device/ST/STM32H7xx/Include" -I"/Users/simon/Documents/eagle/pbxl/sw/arm/Drivers/CMSIS/Include"  -Og -g3 -Wall -fmessage-length=0 -ffunction-sections -c -fmessage-length=0 -MMD -MP -MF"FATFS/Target/bsp_driver_sd.d" -MT"FATFS/Target/bsp_driver_sd.o" -o "FATFS/Target/bsp_driver_sd.o" "../FATFS/Target/bsp_driver_sd.c"
Finished building: ../FATFS/Target/bsp_driver_sd.c
 
Building file: ../FATFS/Target/fatfs_platform.c
Invoking: MCU GCC Compiler
/Users/simon/Documents/eagle/pbxl/sw/arm/Debug
arm-none-eabi-gcc -mcpu=cortex-m7 -mthumb -mfloat-abi=hard -mfpu=fpv5-d16 '-D__weak=__attribute__((weak))' '-D__packed="__attribute__((__packed__))"' -DUSE_HAL_DRIVER -DSTM32H743xx -I"/Users/simon/Documents/eagle/pbxl/sw/arm/FATFS/Target" -I"/Users/simon/Documents/eagle/pbxl/sw/arm/FATFS/App" -I"/Users/simon/Documents/eagle/pbxl/sw/arm/Core/Inc" -I"/Users/simon/Documents/eagle/pbxl/sw/arm/Drivers/STM32H7xx_HAL_Driver/Inc" -I"/Users/simon/Documents/eagle/pbxl/sw/arm/Utilities/JPEG" -I"/Users/simon/Documents/eagle/pbxl/sw/arm/Drivers/STM32H7xx_HAL_Driver/Inc/Legacy" -I"/Users/simon/Documents/eagle/pbxl/sw/arm/Middlewares/Third_Party/FatFs/src" -I"/Users/simon/Documents/eagle/pbxl/sw/arm/Middlewares/Third_Party/FreeRTOS/Source/include" -I"/Users/simon/Documents/eagle/pbxl/sw/arm/Middlewares/Third_Party/FreeRTOS/Source/CMSIS_RTOS" -I"/Users/simon/Documents/eagle/pbxl/sw/arm/Middlewares/Third_Party/FreeRTOS/Source/portable/GCC/ARM_CM7/r0p1" -I"/Users/simon/Documents/eagle/pbxl/sw/arm/Drivers/CMSIS/Device/ST/STM32H7xx/Include" -I"/Users/simon/Documents/eagle/pbxl/sw/arm/Drivers/CMSIS/Include"  -Og -g3 -Wall -fmessage-length=0 -ffunction-sections -c -fmessage-length=0 -MMD -MP -MF"FATFS/Target/fatfs_platform.d" -MT"FATFS/Target/fatfs_platform.o" -o "FATFS/Target/fatfs_platform.o" "../FATFS/Target/fatfs_platform.c"
Finished building: ../FATFS/Target/fatfs_platform.c
 
Building file: ../FATFS/Target/sd_diskio.c
Invoking: MCU GCC Compiler
/Users/simon/Documents/eagle/pbxl/sw/arm/Debug
arm-none-eabi-gcc -mcpu=cortex-m7 -mthumb -mfloat-abi=hard -mfpu=fpv5-d16 '-D__weak=__attribute__((weak))' '-D__packed="__attribute__((__packed__))"' -DUSE_HAL_DRIVER -DSTM32H743xx -I"/Users/simon/Documents/eagle/pbxl/sw/arm/FATFS/Target" -I"/Users/simon/Documents/eagle/pbxl/sw/arm/FATFS/App" -I"/Users/simon/Documents/eagle/pbxl/sw/arm/Core/Inc" -I"/Users/simon/Documents/eagle/pbxl/sw/arm/Drivers/STM32H7xx_HAL_Driver/Inc" -I"/Users/simon/Documents/eagle/pbxl/sw/arm/Utilities/JPEG" -I"/Users/simon/Documents/eagle/pbxl/sw/arm/Drivers/STM32H7xx_HAL_Driver/Inc/Legacy" -I"/Users/simon/Documents/eagle/pbxl/sw/arm/Middlewares/Third_Party/FatFs/src" -I"/Users/simon/Documents/eagle/pbxl/sw/arm/Middlewares/Third_Party/FreeRTOS/Source/include" -I"/Users/simon/Documents/eagle/pbxl/sw/arm/Middlewares/Third_Party/FreeRTOS/Source/CMSIS_RTOS" -I"/Users/simon/Documents/eagle/pbxl/sw/arm/Middlewares/Third_Party/FreeRTOS/Source/portable/GCC/ARM_CM7/r0p1" -I"/Users/simon/Documents/eagle/pbxl/sw/arm/Drivers/CMSIS/Device/ST/STM32H7xx/Include" -I"/Users/simon/Documents/eagle/pbxl/sw/arm/Drivers/CMSIS/Include"  -Og -g3 -Wall -fmessage-length=0 -ffunction-sections -c -fmessage-length=0 -MMD -MP -MF"FATFS/Target/sd_diskio.d" -MT"FATFS/Target/sd_diskio.o" -o "FATFS/Target/sd_diskio.o" "../FATFS/Target/sd_diskio.c"
Finished building: ../FATFS/Target/sd_diskio.c
 
Building file: ../FATFS/App/fatfs.c
Invoking: MCU GCC Compiler
/Users/simon/Documents/eagle/pbxl/sw/arm/Debug
arm-none-eabi-gcc -mcpu=cortex-m7 -mthumb -mfloat-abi=hard -mfpu=fpv5-d16 '-D__weak=__attribute__((weak))' '-D__packed="__attribute__((__packed__))"' -DUSE_HAL_DRIVER -DSTM32H743xx -I"/Users/simon/Documents/eagle/pbxl/sw/arm/FATFS/Target" -I"/Users/simon/Documents/eagle/pbxl/sw/arm/FATFS/App" -I"/Users/simon/Documents/eagle/pbxl/sw/arm/Core/Inc" -I"/Users/simon/Documents/eagle/pbxl/sw/arm/Drivers/STM32H7xx_HAL_Driver/Inc" -I"/Users/simon/Documents/eagle/pbxl/sw/arm/Utilities/JPEG" -I"/Users/simon/Documents/eagle/pbxl/sw/arm/Drivers/STM32H7xx_HAL_Driver/Inc/Legacy" -I"/Users/simon/Documents/eagle/pbxl/sw/arm/Middlewares/Third_Party/FatFs/src" -I"/Users/simon/Documents/eagle/pbxl/sw/arm/Middlewares/Third_Party/FreeRTOS/Source/include" -I"/Users/simon/Documents/eagle/pbxl/sw/arm/Middlewares/Third_Party/FreeRTOS/Source/CMSIS_RTOS" -I"/Users/simon/Documents/eagle/pbxl/sw/arm/Middlewares/Third_Party/FreeRTOS/Source/portable/GCC/ARM_CM7/r0p1" -I"/Users/simon/Documents/eagle/pbxl/sw/arm/Drivers/CMSIS/Device/ST/STM32H7xx/Include" -I"/Users/simon/Documents/eagle/pbxl/sw/arm/Drivers/CMSIS/Include"  -Og -g3 -Wall -fmessage-length=0 -ffunction-sections -c -fmessage-length=0 -MMD -MP -MF"FATFS/App/fatfs.d" -MT"FATFS/App/fatfs.o" -o "FATFS/App/fatfs.o" "../FATFS/App/fatfs.c"
Finished building: ../FATFS/App/fatfs.c
 
Building file: ../Drivers/STM32H7xx_HAL_Driver/Src/stm32h7xx_hal.c
Invoking: MCU GCC Compiler
/Users/simon/Documents/eagle/pbxl/sw/arm/Debug
arm-none-eabi-gcc -mcpu=cortex-m7 -mthumb -mfloat-abi=hard -mfpu=fpv5-d16 '-D__weak=__attribute__((weak))' '-D__packed="__attribute__((__packed__))"' -DUSE_HAL_DRIVER -DSTM32H743xx -I"/Users/simon/Documents/eagle/pbxl/sw/arm/FATFS/Target" -I"/Users/simon/Documents/eagle/pbxl/sw/arm/FATFS/App" -I"/Users/simon/Documents/eagle/pbxl/sw/arm/Core/Inc" -I"/Users/simon/Documents/eagle/pbxl/sw/arm/Drivers/STM32H7xx_HAL_Driver/Inc" -I"/Users/simon/Documents/eagle/pbxl/sw/arm/Utilities/JPEG" -I"/Users/simon/Documents/eagle/pbxl/sw/arm/Drivers/STM32H7xx_HAL_Driver/Inc/Legacy" -I"/Users/simon/Documents/eagle/pbxl/sw/arm/Middlewares/Third_Party/FatFs/src" -I"/Users/simon/Documents/eagle/pbxl/sw/arm/Middlewares/Third_Party/FreeRTOS/Source/include" -I"/Users/simon/Documents/eagle/pbxl/sw/arm/Middlewares/Third_Party/FreeRTOS/Source/CMSIS_RTOS" -I"/Users/simon/Documents/eagle/pbxl/sw/arm/Middlewares/Third_Party/FreeRTOS/Source/portable/GCC/ARM_CM7/r0p1" -I"/Users/simon/Documents/eagle/pbxl/sw/arm/Drivers/CMSIS/Device/ST/STM32H7xx/Include" -I"/Users/simon/Documents/eagle/pbxl/sw/arm/Drivers/CMSIS/Include"  -Og -g3 -Wall -fmessage-length=0 -ffunction-sections -c -fmessage-length=0 -MMD -MP -MF"Drivers/STM32H7xx_HAL_Driver/Src/stm32h7xx_hal.d" -MT"Drivers/STM32H7xx_HAL_Driver/Src/stm32h7xx_hal.o" -o "Drivers/STM32H7xx_HAL_Driver/Src/stm32h7xx_hal.o" "../Drivers/STM32H7xx_HAL_Driver/Src/stm32h7xx_hal.c"
Finished building: ../Drivers/STM32H7xx_HAL_Driver/Src/stm32h7xx_hal.c
 
Building file: ../Drivers/STM32H7xx_HAL_Driver/Src/stm32h7xx_hal_cortex.c
Invoking: MCU GCC Compiler
/Users/simon/Documents/eagle/pbxl/sw/arm/Debug
arm-none-eabi-gcc -mcpu=cortex-m7 -mthumb -mfloat-abi=hard -mfpu=fpv5-d16 '-D__weak=__attribute__((weak))' '-D__packed="__attribute__((__packed__))"' -DUSE_HAL_DRIVER -DSTM32H743xx -I"/Users/simon/Documents/eagle/pbxl/sw/arm/FATFS/Target" -I"/Users/simon/Documents/eagle/pbxl/sw/arm/FATFS/App" -I"/Users/simon/Documents/eagle/pbxl/sw/arm/Core/Inc" -I"/Users/simon/Documents/eagle/pbxl/sw/arm/Drivers/STM32H7xx_HAL_Driver/Inc" -I"/Users/simon/Documents/eagle/pbxl/sw/arm/Utilities/JPEG" -I"/Users/simon/Documents/eagle/pbxl/sw/arm/Drivers/STM32H7xx_HAL_Driver/Inc/Legacy" -I"/Users/simon/Documents/eagle/pbxl/sw/arm/Middlewares/Third_Party/FatFs/src" -I"/Users/simon/Documents/eagle/pbxl/sw/arm/Middlewares/Third_Party/FreeRTOS/Source/include" -I"/Users/simon/Documents/eagle/pbxl/sw/arm/Middlewares/Third_Party/FreeRTOS/Source/CMSIS_RTOS" -I"/Users/simon/Documents/eagle/pbxl/sw/arm/Middlewares/Third_Party/FreeRTOS/Source/portable/GCC/ARM_CM7/r0p1" -I"/Users/simon/Documents/eagle/pbxl/sw/arm/Drivers/CMSIS/Device/ST/STM32H7xx/Include" -I"/Users/simon/Documents/eagle/pbxl/sw/arm/Drivers/CMSIS/Include"  -Og -g3 -Wall -fmessage-length=0 -ffunction-sections -c -fmessage-length=0 -MMD -MP -MF"Drivers/STM32H7xx_HAL_Driver/Src/stm32h7xx_hal_cortex.d" -MT"Drivers/STM32H7xx_HAL_Driver/Src/stm32h7xx_hal_cortex.o" -o "Drivers/STM32H7xx_HAL_Driver/Src/stm32h7xx_hal_cortex.o" "../Drivers/STM32H7xx_HAL_Driver/Src/stm32h7xx_hal_cortex.c"
Finished building: ../Drivers/STM32H7xx_HAL_Driver/Src/stm32h7xx_hal_cortex.c
 
Building file: ../Drivers/STM32H7xx_HAL_Driver/Src/stm32h7xx_hal_dma.c
Invoking: MCU GCC Compiler
/Users/simon/Documents/eagle/pbxl/sw/arm/Debug
arm-none-eabi-gcc -mcpu=cortex-m7 -mthumb -mfloat-abi=hard -mfpu=fpv5-d16 '-D__weak=__attribute__((weak))' '-D__packed="__attribute__((__packed__))"' -DUSE_HAL_DRIVER -DSTM32H743xx -I"/Users/simon/Documents/eagle/pbxl/sw/arm/FATFS/Target" -I"/Users/simon/Documents/eagle/pbxl/sw/arm/FATFS/App" -I"/Users/simon/Documents/eagle/pbxl/sw/arm/Core/Inc" -I"/Users/simon/Documents/eagle/pbxl/sw/arm/Drivers/STM32H7xx_HAL_Driver/Inc" -I"/Users/simon/Documents/eagle/pbxl/sw/arm/Utilities/JPEG" -I"/Users/simon/Documents/eagle/pbxl/sw/arm/Drivers/STM32H7xx_HAL_Driver/Inc/Legacy" -I"/Users/simon/Documents/eagle/pbxl/sw/arm/Middlewares/Third_Party/FatFs/src" -I"/Users/simon/Documents/eagle/pbxl/sw/arm/Middlewares/Third_Party/FreeRTOS/Source/include" -I"/Users/simon/Documents/eagle/pbxl/sw/arm/Middlewares/Third_Party/FreeRTOS/Source/CMSIS_RTOS" -I"/Users/simon/Documents/eagle/pbxl/sw/arm/Middlewares/Third_Party/FreeRTOS/Source/portable/GCC/ARM_CM7/r0p1" -I"/Users/simon/Documents/eagle/pbxl/sw/arm/Drivers/CMSIS/Device/ST/STM32H7xx/Include" -I"/Users/simon/Documents/eagle/pbxl/sw/arm/Drivers/CMSIS/Include"  -Og -g3 -Wall -fmessage-length=0 -ffunction-sections -c -fmessage-length=0 -MMD -MP -MF"Drivers/STM32H7xx_HAL_Driver/Src/stm32h7xx_hal_dma.d" -MT"Drivers/STM32H7xx_HAL_Driver/Src/stm32h7xx_hal_dma.o" -o "Drivers/STM32H7xx_HAL_Driver/Src/stm32h7xx_hal_dma.o" "../Drivers/STM32H7xx_HAL_Driver/Src/stm32h7xx_hal_dma.c"
Finished building: ../Drivers/STM32H7xx_HAL_Driver/Src/stm32h7xx_hal_dma.c
 
Building file: ../Drivers/STM32H7xx_HAL_Driver/Src/stm32h7xx_hal_dma_ex.c
Invoking: MCU GCC Compiler
/Users/simon/Documents/eagle/pbxl/sw/arm/Debug
arm-none-eabi-gcc -mcpu=cortex-m7 -mthumb -mfloat-abi=hard -mfpu=fpv5-d16 '-D__weak=__attribute__((weak))' '-D__packed="__attribute__((__packed__))"' -DUSE_HAL_DRIVER -DSTM32H743xx -I"/Users/simon/Documents/eagle/pbxl/sw/arm/FATFS/Target" -I"/Users/simon/Documents/eagle/pbxl/sw/arm/FATFS/App" -I"/Users/simon/Documents/eagle/pbxl/sw/arm/Core/Inc" -I"/Users/simon/Documents/eagle/pbxl/sw/arm/Drivers/STM32H7xx_HAL_Driver/Inc" -I"/Users/simon/Documents/eagle/pbxl/sw/arm/Utilities/JPEG" -I"/Users/simon/Documents/eagle/pbxl/sw/arm/Drivers/STM32H7xx_HAL_Driver/Inc/Legacy" -I"/Users/simon/Documents/eagle/pbxl/sw/arm/Middlewares/Third_Party/FatFs/src" -I"/Users/simon/Documents/eagle/pbxl/sw/arm/Middlewares/Third_Party/FreeRTOS/Source/include" -I"/Users/simon/Documents/eagle/pbxl/sw/arm/Middlewares/Third_Party/FreeRTOS/Source/CMSIS_RTOS" -I"/Users/simon/Documents/eagle/pbxl/sw/arm/Middlewares/Third_Party/FreeRTOS/Source/portable/GCC/ARM_CM7/r0p1" -I"/Users/simon/Documents/eagle/pbxl/sw/arm/Drivers/CMSIS/Device/ST/STM32H7xx/Include" -I"/Users/simon/Documents/eagle/pbxl/sw/arm/Drivers/CMSIS/Include"  -Og -g3 -Wall -fmessage-length=0 -ffunction-sections -c -fmessage-length=0 -MMD -MP -MF"Drivers/STM32H7xx_HAL_Driver/Src/stm32h7xx_hal_dma_ex.d" -MT"Drivers/STM32H7xx_HAL_Driver/Src/stm32h7xx_hal_dma_ex.o" -o "Drivers/STM32H7xx_HAL_Driver/Src/stm32h7xx_hal_dma_ex.o" "../Drivers/STM32H7xx_HAL_Driver/Src/stm32h7xx_hal_dma_ex.c"
Finished building: ../Drivers/STM32H7xx_HAL_Driver/Src/stm32h7xx_hal_dma_ex.c
 
Building file: ../Drivers/STM32H7xx_HAL_Driver/Src/stm32h7xx_hal_flash.c
Invoking: MCU GCC Compiler
/Users/simon/Documents/eagle/pbxl/sw/arm/Debug
arm-none-eabi-gcc -mcpu=cortex-m7 -mthumb -mfloat-abi=hard -mfpu=fpv5-d16 '-D__weak=__attribute__((weak))' '-D__packed="__attribute__((__packed__))"' -DUSE_HAL_DRIVER -DSTM32H743xx -I"/Users/simon/Documents/eagle/pbxl/sw/arm/FATFS/Target" -I"/Users/simon/Documents/eagle/pbxl/sw/arm/FATFS/App" -I"/Users/simon/Documents/eagle/pbxl/sw/arm/Core/Inc" -I"/Users/simon/Documents/eagle/pbxl/sw/arm/Drivers/STM32H7xx_HAL_Driver/Inc" -I"/Users/simon/Documents/eagle/pbxl/sw/arm/Utilities/JPEG" -I"/Users/simon/Documents/eagle/pbxl/sw/arm/Drivers/STM32H7xx_HAL_Driver/Inc/Legacy" -I"/Users/simon/Documents/eagle/pbxl/sw/arm/Middlewares/Third_Party/FatFs/src" -I"/Users/simon/Documents/eagle/pbxl/sw/arm/Middlewares/Third_Party/FreeRTOS/Source/include" -I"/Users/simon/Documents/eagle/pbxl/sw/arm/Middlewares/Third_Party/FreeRTOS/Source/CMSIS_RTOS" -I"/Users/simon/Documents/eagle/pbxl/sw/arm/Middlewares/Third_Party/FreeRTOS/Source/portable/GCC/ARM_CM7/r0p1" -I"/Users/simon/Documents/eagle/pbxl/sw/arm/Drivers/CMSIS/Device/ST/STM32H7xx/Include" -I"/Users/simon/Documents/eagle/pbxl/sw/arm/Drivers/CMSIS/Include"  -Og -g3 -Wall -fmessage-length=0 -ffunction-sections -c -fmessage-length=0 -MMD -MP -MF"Drivers/STM32H7xx_HAL_Driver/Src/stm32h7xx_hal_flash.d" -MT"Drivers/STM32H7xx_HAL_Driver/Src/stm32h7xx_hal_flash.o" -o "Drivers/STM32H7xx_HAL_Driver/Src/stm32h7xx_hal_flash.o" "../Drivers/STM32H7xx_HAL_Driver/Src/stm32h7xx_hal_flash.c"
Finished building: ../Drivers/STM32H7xx_HAL_Driver/Src/stm32h7xx_hal_flash.c
 
Building file: ../Drivers/STM32H7xx_HAL_Driver/Src/stm32h7xx_hal_flash_ex.c
Invoking: MCU GCC Compiler
/Users/simon/Documents/eagle/pbxl/sw/arm/Debug
arm-none-eabi-gcc -mcpu=cortex-m7 -mthumb -mfloat-abi=hard -mfpu=fpv5-d16 '-D__weak=__attribute__((weak))' '-D__packed="__attribute__((__packed__))"' -DUSE_HAL_DRIVER -DSTM32H743xx -I"/Users/simon/Documents/eagle/pbxl/sw/arm/FATFS/Target" -I"/Users/simon/Documents/eagle/pbxl/sw/arm/FATFS/App" -I"/Users/simon/Documents/eagle/pbxl/sw/arm/Core/Inc" -I"/Users/simon/Documents/eagle/pbxl/sw/arm/Drivers/STM32H7xx_HAL_Driver/Inc" -I"/Users/simon/Documents/eagle/pbxl/sw/arm/Utilities/JPEG" -I"/Users/simon/Documents/eagle/pbxl/sw/arm/Drivers/STM32H7xx_HAL_Driver/Inc/Legacy" -I"/Users/simon/Documents/eagle/pbxl/sw/arm/Middlewares/Third_Party/FatFs/src" -I"/Users/simon/Documents/eagle/pbxl/sw/arm/Middlewares/Third_Party/FreeRTOS/Source/include" -I"/Users/simon/Documents/eagle/pbxl/sw/arm/Middlewares/Third_Party/FreeRTOS/Source/CMSIS_RTOS" -I"/Users/simon/Documents/eagle/pbxl/sw/arm/Middlewares/Third_Party/FreeRTOS/Source/portable/GCC/ARM_CM7/r0p1" -I"/Users/simon/Documents/eagle/pbxl/sw/arm/Drivers/CMSIS/Device/ST/STM32H7xx/Include" -I"/Users/simon/Documents/eagle/pbxl/sw/arm/Drivers/CMSIS/Include"  -Og -g3 -Wall -fmessage-length=0 -ffunction-sections -c -fmessage-length=0 -MMD -MP -MF"Drivers/STM32H7xx_HAL_Driver/Src/stm32h7xx_hal_flash_ex.d" -MT"Drivers/STM32H7xx_HAL_Driver/Src/stm32h7xx_hal_flash_ex.o" -o "Drivers/STM32H7xx_HAL_Driver/Src/stm32h7xx_hal_flash_ex.o" "../Drivers/STM32H7xx_HAL_Driver/Src/stm32h7xx_hal_flash_ex.c"
Finished building: ../Drivers/STM32H7xx_HAL_Driver/Src/stm32h7xx_hal_flash_ex.c
 
Building file: ../Drivers/STM32H7xx_HAL_Driver/Src/stm32h7xx_hal_gpio.c
Invoking: MCU GCC Compiler
/Users/simon/Documents/eagle/pbxl/sw/arm/Debug
arm-none-eabi-gcc -mcpu=cortex-m7 -mthumb -mfloat-abi=hard -mfpu=fpv5-d16 '-D__weak=__attribute__((weak))' '-D__packed="__attribute__((__packed__))"' -DUSE_HAL_DRIVER -DSTM32H743xx -I"/Users/simon/Documents/eagle/pbxl/sw/arm/FATFS/Target" -I"/Users/simon/Documents/eagle/pbxl/sw/arm/FATFS/App" -I"/Users/simon/Documents/eagle/pbxl/sw/arm/Core/Inc" -I"/Users/simon/Documents/eagle/pbxl/sw/arm/Drivers/STM32H7xx_HAL_Driver/Inc" -I"/Users/simon/Documents/eagle/pbxl/sw/arm/Utilities/JPEG" -I"/Users/simon/Documents/eagle/pbxl/sw/arm/Drivers/STM32H7xx_HAL_Driver/Inc/Legacy" -I"/Users/simon/Documents/eagle/pbxl/sw/arm/Middlewares/Third_Party/FatFs/src" -I"/Users/simon/Documents/eagle/pbxl/sw/arm/Middlewares/Third_Party/FreeRTOS/Source/include" -I"/Users/simon/Documents/eagle/pbxl/sw/arm/Middlewares/Third_Party/FreeRTOS/Source/CMSIS_RTOS" -I"/Users/simon/Documents/eagle/pbxl/sw/arm/Middlewares/Third_Party/FreeRTOS/Source/portable/GCC/ARM_CM7/r0p1" -I"/Users/simon/Documents/eagle/pbxl/sw/arm/Drivers/CMSIS/Device/ST/STM32H7xx/Include" -I"/Users/simon/Documents/eagle/pbxl/sw/arm/Drivers/CMSIS/Include"  -Og -g3 -Wall -fmessage-length=0 -ffunction-sections -c -fmessage-length=0 -MMD -MP -MF"Drivers/STM32H7xx_HAL_Driver/Src/stm32h7xx_hal_gpio.d" -MT"Drivers/STM32H7xx_HAL_Driver/Src/stm32h7xx_hal_gpio.o" -o "Drivers/STM32H7xx_HAL_Driver/Src/stm32h7xx_hal_gpio.o" "../Drivers/STM32H7xx_HAL_Driver/Src/stm32h7xx_hal_gpio.c"
Finished building: ../Drivers/STM32H7xx_HAL_Driver/Src/stm32h7xx_hal_gpio.c
 
Building file: ../Drivers/STM32H7xx_HAL_Driver/Src/stm32h7xx_hal_hsem.c
Invoking: MCU GCC Compiler
/Users/simon/Documents/eagle/pbxl/sw/arm/Debug
arm-none-eabi-gcc -mcpu=cortex-m7 -mthumb -mfloat-abi=hard -mfpu=fpv5-d16 '-D__weak=__attribute__((weak))' '-D__packed="__attribute__((__packed__))"' -DUSE_HAL_DRIVER -DSTM32H743xx -I"/Users/simon/Documents/eagle/pbxl/sw/arm/FATFS/Target" -I"/Users/simon/Documents/eagle/pbxl/sw/arm/FATFS/App" -I"/Users/simon/Documents/eagle/pbxl/sw/arm/Core/Inc" -I"/Users/simon/Documents/eagle/pbxl/sw/arm/Drivers/STM32H7xx_HAL_Driver/Inc" -I"/Users/simon/Documents/eagle/pbxl/sw/arm/Utilities/JPEG" -I"/Users/simon/Documents/eagle/pbxl/sw/arm/Drivers/STM32H7xx_HAL_Driver/Inc/Legacy" -I"/Users/simon/Documents/eagle/pbxl/sw/arm/Middlewares/Third_Party/FatFs/src" -I"/Users/simon/Documents/eagle/pbxl/sw/arm/Middlewares/Third_Party/FreeRTOS/Source/include" -I"/Users/simon/Documents/eagle/pbxl/sw/arm/Middlewares/Third_Party/FreeRTOS/Source/CMSIS_RTOS" -I"/Users/simon/Documents/eagle/pbxl/sw/arm/Middlewares/Third_Party/FreeRTOS/Source/portable/GCC/ARM_CM7/r0p1" -I"/Users/simon/Documents/eagle/pbxl/sw/arm/Drivers/CMSIS/Device/ST/STM32H7xx/Include" -I"/Users/simon/Documents/eagle/pbxl/sw/arm/Drivers/CMSIS/Include"  -Og -g3 -Wall -fmessage-length=0 -ffunction-sections -c -fmessage-length=0 -MMD -MP -MF"Drivers/STM32H7xx_HAL_Driver/Src/stm32h7xx_hal_hsem.d" -MT"Drivers/STM32H7xx_HAL_Driver/Src/stm32h7xx_hal_hsem.o" -o "Drivers/STM32H7xx_HAL_Driver/Src/stm32h7xx_hal_hsem.o" "../Drivers/STM32H7xx_HAL_Driver/Src/stm32h7xx_hal_hsem.c"
Finished building: ../Drivers/STM32H7xx_HAL_Driver/Src/stm32h7xx_hal_hsem.c
 
Building file: ../Drivers/STM32H7xx_HAL_Driver/Src/stm32h7xx_hal_i2c.c
Invoking: MCU GCC Compiler
/Users/simon/Documents/eagle/pbxl/sw/arm/Debug
arm-none-eabi-gcc -mcpu=cortex-m7 -mthumb -mfloat-abi=hard -mfpu=fpv5-d16 '-D__weak=__attribute__((weak))' '-D__packed="__attribute__((__packed__))"' -DUSE_HAL_DRIVER -DSTM32H743xx -I"/Users/simon/Documents/eagle/pbxl/sw/arm/FATFS/Target" -I"/Users/simon/Documents/eagle/pbxl/sw/arm/FATFS/App" -I"/Users/simon/Documents/eagle/pbxl/sw/arm/Core/Inc" -I"/Users/simon/Documents/eagle/pbxl/sw/arm/Drivers/STM32H7xx_HAL_Driver/Inc" -I"/Users/simon/Documents/eagle/pbxl/sw/arm/Utilities/JPEG" -I"/Users/simon/Documents/eagle/pbxl/sw/arm/Drivers/STM32H7xx_HAL_Driver/Inc/Legacy" -I"/Users/simon/Documents/eagle/pbxl/sw/arm/Middlewares/Third_Party/FatFs/src" -I"/Users/simon/Documents/eagle/pbxl/sw/arm/Middlewares/Third_Party/FreeRTOS/Source/include" -I"/Users/simon/Documents/eagle/pbxl/sw/arm/Middlewares/Third_Party/FreeRTOS/Source/CMSIS_RTOS" -I"/Users/simon/Documents/eagle/pbxl/sw/arm/Middlewares/Third_Party/FreeRTOS/Source/portable/GCC/ARM_CM7/r0p1" -I"/Users/simon/Documents/eagle/pbxl/sw/arm/Drivers/CMSIS/Device/ST/STM32H7xx/Include" -I"/Users/simon/Documents/eagle/pbxl/sw/arm/Drivers/CMSIS/Include"  -Og -g3 -Wall -fmessage-length=0 -ffunction-sections -c -fmessage-length=0 -MMD -MP -MF"Drivers/STM32H7xx_HAL_Driver/Src/stm32h7xx_hal_i2c.d" -MT"Drivers/STM32H7xx_HAL_Driver/Src/stm32h7xx_hal_i2c.o" -o "Drivers/STM32H7xx_HAL_Driver/Src/stm32h7xx_hal_i2c.o" "../Drivers/STM32H7xx_HAL_Driver/Src/stm32h7xx_hal_i2c.c"
Finished building: ../Drivers/STM32H7xx_HAL_Driver/Src/stm32h7xx_hal_i2c.c
 
Building file: ../Drivers/STM32H7xx_HAL_Driver/Src/stm32h7xx_hal_i2c_ex.c
Invoking: MCU GCC Compiler
/Users/simon/Documents/eagle/pbxl/sw/arm/Debug
arm-none-eabi-gcc -mcpu=cortex-m7 -mthumb -mfloat-abi=hard -mfpu=fpv5-d16 '-D__weak=__attribute__((weak))' '-D__packed="__attribute__((__packed__))"' -DUSE_HAL_DRIVER -DSTM32H743xx -I"/Users/simon/Documents/eagle/pbxl/sw/arm/FATFS/Target" -I"/Users/simon/Documents/eagle/pbxl/sw/arm/FATFS/App" -I"/Users/simon/Documents/eagle/pbxl/sw/arm/Core/Inc" -I"/Users/simon/Documents/eagle/pbxl/sw/arm/Drivers/STM32H7xx_HAL_Driver/Inc" -I"/Users/simon/Documents/eagle/pbxl/sw/arm/Utilities/JPEG" -I"/Users/simon/Documents/eagle/pbxl/sw/arm/Drivers/STM32H7xx_HAL_Driver/Inc/Legacy" -I"/Users/simon/Documents/eagle/pbxl/sw/arm/Middlewares/Third_Party/FatFs/src" -I"/Users/simon/Documents/eagle/pbxl/sw/arm/Middlewares/Third_Party/FreeRTOS/Source/include" -I"/Users/simon/Documents/eagle/pbxl/sw/arm/Middlewares/Third_Party/FreeRTOS/Source/CMSIS_RTOS" -I"/Users/simon/Documents/eagle/pbxl/sw/arm/Middlewares/Third_Party/FreeRTOS/Source/portable/GCC/ARM_CM7/r0p1" -I"/Users/simon/Documents/eagle/pbxl/sw/arm/Drivers/CMSIS/Device/ST/STM32H7xx/Include" -I"/Users/simon/Documents/eagle/pbxl/sw/arm/Drivers/CMSIS/Include"  -Og -g3 -Wall -fmessage-length=0 -ffunction-sections -c -fmessage-length=0 -MMD -MP -MF"Drivers/STM32H7xx_HAL_Driver/Src/stm32h7xx_hal_i2c_ex.d" -MT"Drivers/STM32H7xx_HAL_Driver/Src/stm32h7xx_hal_i2c_ex.o" -o "Drivers/STM32H7xx_HAL_Driver/Src/stm32h7xx_hal_i2c_ex.o" "../Drivers/STM32H7xx_HAL_Driver/Src/stm32h7xx_hal_i2c_ex.c"
Finished building: ../Drivers/STM32H7xx_HAL_Driver/Src/stm32h7xx_hal_i2c_ex.c
 
Building file: ../Drivers/STM32H7xx_HAL_Driver/Src/stm32h7xx_hal_jpeg.c
Invoking: MCU GCC Compiler
/Users/simon/Documents/eagle/pbxl/sw/arm/Debug
arm-none-eabi-gcc -mcpu=cortex-m7 -mthumb -mfloat-abi=hard -mfpu=fpv5-d16 '-D__weak=__attribute__((weak))' '-D__packed="__attribute__((__packed__))"' -DUSE_HAL_DRIVER -DSTM32H743xx -I"/Users/simon/Documents/eagle/pbxl/sw/arm/FATFS/Target" -I"/Users/simon/Documents/eagle/pbxl/sw/arm/FATFS/App" -I"/Users/simon/Documents/eagle/pbxl/sw/arm/Core/Inc" -I"/Users/simon/Documents/eagle/pbxl/sw/arm/Drivers/STM32H7xx_HAL_Driver/Inc" -I"/Users/simon/Documents/eagle/pbxl/sw/arm/Utilities/JPEG" -I"/Users/simon/Documents/eagle/pbxl/sw/arm/Drivers/STM32H7xx_HAL_Driver/Inc/Legacy" -I"/Users/simon/Documents/eagle/pbxl/sw/arm/Middlewares/Third_Party/FatFs/src" -I"/Users/simon/Documents/eagle/pbxl/sw/arm/Middlewares/Third_Party/FreeRTOS/Source/include" -I"/Users/simon/Documents/eagle/pbxl/sw/arm/Middlewares/Third_Party/FreeRTOS/Source/CMSIS_RTOS" -I"/Users/simon/Documents/eagle/pbxl/sw/arm/Middlewares/Third_Party/FreeRTOS/Source/portable/GCC/ARM_CM7/r0p1" -I"/Users/simon/Documents/eagle/pbxl/sw/arm/Drivers/CMSIS/Device/ST/STM32H7xx/Include" -I"/Users/simon/Documents/eagle/pbxl/sw/arm/Drivers/CMSIS/Include"  -Og -g3 -Wall -fmessage-length=0 -ffunction-sections -c -fmessage-length=0 -MMD -MP -MF"Drivers/STM32H7xx_HAL_Driver/Src/stm32h7xx_hal_jpeg.d" -MT"Drivers/STM32H7xx_HAL_Driver/Src/stm32h7xx_hal_jpeg.o" -o "Drivers/STM32H7xx_HAL_Driver/Src/stm32h7xx_hal_jpeg.o" "../Drivers/STM32H7xx_HAL_Driver/Src/stm32h7xx_hal_jpeg.c"
Finished building: ../Drivers/STM32H7xx_HAL_Driver/Src/stm32h7xx_hal_jpeg.c
 
Building file: ../Drivers/STM32H7xx_HAL_Driver/Src/stm32h7xx_hal_ltdc.c
Invoking: MCU GCC Compiler
/Users/simon/Documents/eagle/pbxl/sw/arm/Debug
arm-none-eabi-gcc -mcpu=cortex-m7 -mthumb -mfloat-abi=hard -mfpu=fpv5-d16 '-D__weak=__attribute__((weak))' '-D__packed="__attribute__((__packed__))"' -DUSE_HAL_DRIVER -DSTM32H743xx -I"/Users/simon/Documents/eagle/pbxl/sw/arm/FATFS/Target" -I"/Users/simon/Documents/eagle/pbxl/sw/arm/FATFS/App" -I"/Users/simon/Documents/eagle/pbxl/sw/arm/Core/Inc" -I"/Users/simon/Documents/eagle/pbxl/sw/arm/Drivers/STM32H7xx_HAL_Driver/Inc" -I"/Users/simon/Documents/eagle/pbxl/sw/arm/Utilities/JPEG" -I"/Users/simon/Documents/eagle/pbxl/sw/arm/Drivers/STM32H7xx_HAL_Driver/Inc/Legacy" -I"/Users/simon/Documents/eagle/pbxl/sw/arm/Middlewares/Third_Party/FatFs/src" -I"/Users/simon/Documents/eagle/pbxl/sw/arm/Middlewares/Third_Party/FreeRTOS/Source/include" -I"/Users/simon/Documents/eagle/pbxl/sw/arm/Middlewares/Third_Party/FreeRTOS/Source/CMSIS_RTOS" -I"/Users/simon/Documents/eagle/pbxl/sw/arm/Middlewares/Third_Party/FreeRTOS/Source/portable/GCC/ARM_CM7/r0p1" -I"/Users/simon/Documents/eagle/pbxl/sw/arm/Drivers/CMSIS/Device/ST/STM32H7xx/Include" -I"/Users/simon/Documents/eagle/pbxl/sw/arm/Drivers/CMSIS/Include"  -Og -g3 -Wall -fmessage-length=0 -ffunction-sections -c -fmessage-length=0 -MMD -MP -MF"Drivers/STM32H7xx_HAL_Driver/Src/stm32h7xx_hal_ltdc.d" -MT"Drivers/STM32H7xx_HAL_Driver/Src/stm32h7xx_hal_ltdc.o" -o "Drivers/STM32H7xx_HAL_Driver/Src/stm32h7xx_hal_ltdc.o" "../Drivers/STM32H7xx_HAL_Driver/Src/stm32h7xx_hal_ltdc.c"
Finished building: ../Drivers/STM32H7xx_HAL_Driver/Src/stm32h7xx_hal_ltdc.c
 
Building file: ../Drivers/STM32H7xx_HAL_Driver/Src/stm32h7xx_hal_mdma.c
Invoking: MCU GCC Compiler
/Users/simon/Documents/eagle/pbxl/sw/arm/Debug
arm-none-eabi-gcc -mcpu=cortex-m7 -mthumb -mfloat-abi=hard -mfpu=fpv5-d16 '-D__weak=__attribute__((weak))' '-D__packed="__attribute__((__packed__))"' -DUSE_HAL_DRIVER -DSTM32H743xx -I"/Users/simon/Documents/eagle/pbxl/sw/arm/FATFS/Target" -I"/Users/simon/Documents/eagle/pbxl/sw/arm/FATFS/App" -I"/Users/simon/Documents/eagle/pbxl/sw/arm/Core/Inc" -I"/Users/simon/Documents/eagle/pbxl/sw/arm/Drivers/STM32H7xx_HAL_Driver/Inc" -I"/Users/simon/Documents/eagle/pbxl/sw/arm/Utilities/JPEG" -I"/Users/simon/Documents/eagle/pbxl/sw/arm/Drivers/STM32H7xx_HAL_Driver/Inc/Legacy" -I"/Users/simon/Documents/eagle/pbxl/sw/arm/Middlewares/Third_Party/FatFs/src" -I"/Users/simon/Documents/eagle/pbxl/sw/arm/Middlewares/Third_Party/FreeRTOS/Source/include" -I"/Users/simon/Documents/eagle/pbxl/sw/arm/Middlewares/Third_Party/FreeRTOS/Source/CMSIS_RTOS" -I"/Users/simon/Documents/eagle/pbxl/sw/arm/Middlewares/Third_Party/FreeRTOS/Source/portable/GCC/ARM_CM7/r0p1" -I"/Users/simon/Documents/eagle/pbxl/sw/arm/Drivers/CMSIS/Device/ST/STM32H7xx/Include" -I"/Users/simon/Documents/eagle/pbxl/sw/arm/Drivers/CMSIS/Include"  -Og -g3 -Wall -fmessage-length=0 -ffunction-sections -c -fmessage-length=0 -MMD -MP -MF"Drivers/STM32H7xx_HAL_Driver/Src/stm32h7xx_hal_mdma.d" -MT"Drivers/STM32H7xx_HAL_Driver/Src/stm32h7xx_hal_mdma.o" -o "Drivers/STM32H7xx_HAL_Driver/Src/stm32h7xx_hal_mdma.o" "../Drivers/STM32H7xx_HAL_Driver/Src/stm32h7xx_hal_mdma.c"
Finished building: ../Drivers/STM32H7xx_HAL_Driver/Src/stm32h7xx_hal_mdma.c
 
Building file: ../Drivers/STM32H7xx_HAL_Driver/Src/stm32h7xx_hal_pwr.c
Invoking: MCU GCC Compiler
/Users/simon/Documents/eagle/pbxl/sw/arm/Debug
arm-none-eabi-gcc -mcpu=cortex-m7 -mthumb -mfloat-abi=hard -mfpu=fpv5-d16 '-D__weak=__attribute__((weak))' '-D__packed="__attribute__((__packed__))"' -DUSE_HAL_DRIVER -DSTM32H743xx -I"/Users/simon/Documents/eagle/pbxl/sw/arm/FATFS/Target" -I"/Users/simon/Documents/eagle/pbxl/sw/arm/FATFS/App" -I"/Users/simon/Documents/eagle/pbxl/sw/arm/Core/Inc" -I"/Users/simon/Documents/eagle/pbxl/sw/arm/Drivers/STM32H7xx_HAL_Driver/Inc" -I"/Users/simon/Documents/eagle/pbxl/sw/arm/Utilities/JPEG" -I"/Users/simon/Documents/eagle/pbxl/sw/arm/Drivers/STM32H7xx_HAL_Driver/Inc/Legacy" -I"/Users/simon/Documents/eagle/pbxl/sw/arm/Middlewares/Third_Party/FatFs/src" -I"/Users/simon/Documents/eagle/pbxl/sw/arm/Middlewares/Third_Party/FreeRTOS/Source/include" -I"/Users/simon/Documents/eagle/pbxl/sw/arm/Middlewares/Third_Party/FreeRTOS/Source/CMSIS_RTOS" -I"/Users/simon/Documents/eagle/pbxl/sw/arm/Middlewares/Third_Party/FreeRTOS/Source/portable/GCC/ARM_CM7/r0p1" -I"/Users/simon/Documents/eagle/pbxl/sw/arm/Drivers/CMSIS/Device/ST/STM32H7xx/Include" -I"/Users/simon/Documents/eagle/pbxl/sw/arm/Drivers/CMSIS/Include"  -Og -g3 -Wall -fmessage-length=0 -ffunction-sections -c -fmessage-length=0 -MMD -MP -MF"Drivers/STM32H7xx_HAL_Driver/Src/stm32h7xx_hal_pwr.d" -MT"Drivers/STM32H7xx_HAL_Driver/Src/stm32h7xx_hal_pwr.o" -o "Drivers/STM32H7xx_HAL_Driver/Src/stm32h7xx_hal_pwr.o" "../Drivers/STM32H7xx_HAL_Driver/Src/stm32h7xx_hal_pwr.c"
Finished building: ../Drivers/STM32H7xx_HAL_Driver/Src/stm32h7xx_hal_pwr.c
 
Building file: ../Drivers/STM32H7xx_HAL_Driver/Src/stm32h7xx_hal_pwr_ex.c
Invoking: MCU GCC Compiler
/Users/simon/Documents/eagle/pbxl/sw/arm/Debug
arm-none-eabi-gcc -mcpu=cortex-m7 -mthumb -mfloat-abi=hard -mfpu=fpv5-d16 '-D__weak=__attribute__((weak))' '-D__packed="__attribute__((__packed__))"' -DUSE_HAL_DRIVER -DSTM32H743xx -I"/Users/simon/Documents/eagle/pbxl/sw/arm/FATFS/Target" -I"/Users/simon/Documents/eagle/pbxl/sw/arm/FATFS/App" -I"/Users/simon/Documents/eagle/pbxl/sw/arm/Core/Inc" -I"/Users/simon/Documents/eagle/pbxl/sw/arm/Drivers/STM32H7xx_HAL_Driver/Inc" -I"/Users/simon/Documents/eagle/pbxl/sw/arm/Utilities/JPEG" -I"/Users/simon/Documents/eagle/pbxl/sw/arm/Drivers/STM32H7xx_HAL_Driver/Inc/Legacy" -I"/Users/simon/Documents/eagle/pbxl/sw/arm/Middlewares/Third_Party/FatFs/src" -I"/Users/simon/Documents/eagle/pbxl/sw/arm/Middlewares/Third_Party/FreeRTOS/Source/include" -I"/Users/simon/Documents/eagle/pbxl/sw/arm/Middlewares/Third_Party/FreeRTOS/Source/CMSIS_RTOS" -I"/Users/simon/Documents/eagle/pbxl/sw/arm/Middlewares/Third_Party/FreeRTOS/Source/portable/GCC/ARM_CM7/r0p1" -I"/Users/simon/Documents/eagle/pbxl/sw/arm/Drivers/CMSIS/Device/ST/STM32H7xx/Include" -I"/Users/simon/Documents/eagle/pbxl/sw/arm/Drivers/CMSIS/Include"  -Og -g3 -Wall -fmessage-length=0 -ffunction-sections -c -fmessage-length=0 -MMD -MP -MF"Drivers/STM32H7xx_HAL_Driver/Src/stm32h7xx_hal_pwr_ex.d" -MT"Drivers/STM32H7xx_HAL_Driver/Src/stm32h7xx_hal_pwr_ex.o" -o "Drivers/STM32H7xx_HAL_Driver/Src/stm32h7xx_hal_pwr_ex.o" "../Drivers/STM32H7xx_HAL_Driver/Src/stm32h7xx_hal_pwr_ex.c"
Finished building: ../Drivers/STM32H7xx_HAL_Driver/Src/stm32h7xx_hal_pwr_ex.c
 
Building file: ../Drivers/STM32H7xx_HAL_Driver/Src/stm32h7xx_hal_rcc.c
Invoking: MCU GCC Compiler
/Users/simon/Documents/eagle/pbxl/sw/arm/Debug
arm-none-eabi-gcc -mcpu=cortex-m7 -mthumb -mfloat-abi=hard -mfpu=fpv5-d16 '-D__weak=__attribute__((weak))' '-D__packed="__attribute__((__packed__))"' -DUSE_HAL_DRIVER -DSTM32H743xx -I"/Users/simon/Documents/eagle/pbxl/sw/arm/FATFS/Target" -I"/Users/simon/Documents/eagle/pbxl/sw/arm/FATFS/App" -I"/Users/simon/Documents/eagle/pbxl/sw/arm/Core/Inc" -I"/Users/simon/Documents/eagle/pbxl/sw/arm/Drivers/STM32H7xx_HAL_Driver/Inc" -I"/Users/simon/Documents/eagle/pbxl/sw/arm/Utilities/JPEG" -I"/Users/simon/Documents/eagle/pbxl/sw/arm/Drivers/STM32H7xx_HAL_Driver/Inc/Legacy" -I"/Users/simon/Documents/eagle/pbxl/sw/arm/Middlewares/Third_Party/FatFs/src" -I"/Users/simon/Documents/eagle/pbxl/sw/arm/Middlewares/Third_Party/FreeRTOS/Source/include" -I"/Users/simon/Documents/eagle/pbxl/sw/arm/Middlewares/Third_Party/FreeRTOS/Source/CMSIS_RTOS" -I"/Users/simon/Documents/eagle/pbxl/sw/arm/Middlewares/Third_Party/FreeRTOS/Source/portable/GCC/ARM_CM7/r0p1" -I"/Users/simon/Documents/eagle/pbxl/sw/arm/Drivers/CMSIS/Device/ST/STM32H7xx/Include" -I"/Users/simon/Documents/eagle/pbxl/sw/arm/Drivers/CMSIS/Include"  -Og -g3 -Wall -fmessage-length=0 -ffunction-sections -c -fmessage-length=0 -MMD -MP -MF"Drivers/STM32H7xx_HAL_Driver/Src/stm32h7xx_hal_rcc.d" -MT"Drivers/STM32H7xx_HAL_Driver/Src/stm32h7xx_hal_rcc.o" -o "Drivers/STM32H7xx_HAL_Driver/Src/stm32h7xx_hal_rcc.o" "../Drivers/STM32H7xx_HAL_Driver/Src/stm32h7xx_hal_rcc.c"
Finished building: ../Drivers/STM32H7xx_HAL_Driver/Src/stm32h7xx_hal_rcc.c
 
Building file: ../Drivers/STM32H7xx_HAL_Driver/Src/stm32h7xx_hal_rcc_ex.c
Invoking: MCU GCC Compiler
/Users/simon/Documents/eagle/pbxl/sw/arm/Debug
arm-none-eabi-gcc -mcpu=cortex-m7 -mthumb -mfloat-abi=hard -mfpu=fpv5-d16 '-D__weak=__attribute__((weak))' '-D__packed="__attribute__((__packed__))"' -DUSE_HAL_DRIVER -DSTM32H743xx -I"/Users/simon/Documents/eagle/pbxl/sw/arm/FATFS/Target" -I"/Users/simon/Documents/eagle/pbxl/sw/arm/FATFS/App" -I"/Users/simon/Documents/eagle/pbxl/sw/arm/Core/Inc" -I"/Users/simon/Documents/eagle/pbxl/sw/arm/Drivers/STM32H7xx_HAL_Driver/Inc" -I"/Users/simon/Documents/eagle/pbxl/sw/arm/Utilities/JPEG" -I"/Users/simon/Documents/eagle/pbxl/sw/arm/Drivers/STM32H7xx_HAL_Driver/Inc/Legacy" -I"/Users/simon/Documents/eagle/pbxl/sw/arm/Middlewares/Third_Party/FatFs/src" -I"/Users/simon/Documents/eagle/pbxl/sw/arm/Middlewares/Third_Party/FreeRTOS/Source/include" -I"/Users/simon/Documents/eagle/pbxl/sw/arm/Middlewares/Third_Party/FreeRTOS/Source/CMSIS_RTOS" -I"/Users/simon/Documents/eagle/pbxl/sw/arm/Middlewares/Third_Party/FreeRTOS/Source/portable/GCC/ARM_CM7/r0p1" -I"/Users/simon/Documents/eagle/pbxl/sw/arm/Drivers/CMSIS/Device/ST/STM32H7xx/Include" -I"/Users/simon/Documents/eagle/pbxl/sw/arm/Drivers/CMSIS/Include"  -Og -g3 -Wall -fmessage-length=0 -ffunction-sections -c -fmessage-length=0 -MMD -MP -MF"Drivers/STM32H7xx_HAL_Driver/Src/stm32h7xx_hal_rcc_ex.d" -MT"Drivers/STM32H7xx_HAL_Driver/Src/stm32h7xx_hal_rcc_ex.o" -o "Drivers/STM32H7xx_HAL_Driver/Src/stm32h7xx_hal_rcc_ex.o" "../Drivers/STM32H7xx_HAL_Driver/Src/stm32h7xx_hal_rcc_ex.c"
Finished building: ../Drivers/STM32H7xx_HAL_Driver/Src/stm32h7xx_hal_rcc_ex.c
 
Building file: ../Drivers/STM32H7xx_HAL_Driver/Src/stm32h7xx_hal_sd.c
Invoking: MCU GCC Compiler
/Users/simon/Documents/eagle/pbxl/sw/arm/Debug
arm-none-eabi-gcc -mcpu=cortex-m7 -mthumb -mfloat-abi=hard -mfpu=fpv5-d16 '-D__weak=__attribute__((weak))' '-D__packed="__attribute__((__packed__))"' -DUSE_HAL_DRIVER -DSTM32H743xx -I"/Users/simon/Documents/eagle/pbxl/sw/arm/FATFS/Target" -I"/Users/simon/Documents/eagle/pbxl/sw/arm/FATFS/App" -I"/Users/simon/Documents/eagle/pbxl/sw/arm/Core/Inc" -I"/Users/simon/Documents/eagle/pbxl/sw/arm/Drivers/STM32H7xx_HAL_Driver/Inc" -I"/Users/simon/Documents/eagle/pbxl/sw/arm/Utilities/JPEG" -I"/Users/simon/Documents/eagle/pbxl/sw/arm/Drivers/STM32H7xx_HAL_Driver/Inc/Legacy" -I"/Users/simon/Documents/eagle/pbxl/sw/arm/Middlewares/Third_Party/FatFs/src" -I"/Users/simon/Documents/eagle/pbxl/sw/arm/Middlewares/Third_Party/FreeRTOS/Source/include" -I"/Users/simon/Documents/eagle/pbxl/sw/arm/Middlewares/Third_Party/FreeRTOS/Source/CMSIS_RTOS" -I"/Users/simon/Documents/eagle/pbxl/sw/arm/Middlewares/Third_Party/FreeRTOS/Source/portable/GCC/ARM_CM7/r0p1" -I"/Users/simon/Documents/eagle/pbxl/sw/arm/Drivers/CMSIS/Device/ST/STM32H7xx/Include" -I"/Users/simon/Documents/eagle/pbxl/sw/arm/Drivers/CMSIS/Include"  -Og -g3 -Wall -fmessage-length=0 -ffunction-sections -c -fmessage-length=0 -MMD -MP -MF"Drivers/STM32H7xx_HAL_Driver/Src/stm32h7xx_hal_sd.d" -MT"Drivers/STM32H7xx_HAL_Driver/Src/stm32h7xx_hal_sd.o" -o "Drivers/STM32H7xx_HAL_Driver/Src/stm32h7xx_hal_sd.o" "../Drivers/STM32H7xx_HAL_Driver/Src/stm32h7xx_hal_sd.c"
Finished building: ../Drivers/STM32H7xx_HAL_Driver/Src/stm32h7xx_hal_sd.c
 
Building file: ../Drivers/STM32H7xx_HAL_Driver/Src/stm32h7xx_hal_sd_ex.c
Invoking: MCU GCC Compiler
/Users/simon/Documents/eagle/pbxl/sw/arm/Debug
arm-none-eabi-gcc -mcpu=cortex-m7 -mthumb -mfloat-abi=hard -mfpu=fpv5-d16 '-D__weak=__attribute__((weak))' '-D__packed="__attribute__((__packed__))"' -DUSE_HAL_DRIVER -DSTM32H743xx -I"/Users/simon/Documents/eagle/pbxl/sw/arm/FATFS/Target" -I"/Users/simon/Documents/eagle/pbxl/sw/arm/FATFS/App" -I"/Users/simon/Documents/eagle/pbxl/sw/arm/Core/Inc" -I"/Users/simon/Documents/eagle/pbxl/sw/arm/Drivers/STM32H7xx_HAL_Driver/Inc" -I"/Users/simon/Documents/eagle/pbxl/sw/arm/Utilities/JPEG" -I"/Users/simon/Documents/eagle/pbxl/sw/arm/Drivers/STM32H7xx_HAL_Driver/Inc/Legacy" -I"/Users/simon/Documents/eagle/pbxl/sw/arm/Middlewares/Third_Party/FatFs/src" -I"/Users/simon/Documents/eagle/pbxl/sw/arm/Middlewares/Third_Party/FreeRTOS/Source/include" -I"/Users/simon/Documents/eagle/pbxl/sw/arm/Middlewares/Third_Party/FreeRTOS/Source/CMSIS_RTOS" -I"/Users/simon/Documents/eagle/pbxl/sw/arm/Middlewares/Third_Party/FreeRTOS/Source/portable/GCC/ARM_CM7/r0p1" -I"/Users/simon/Documents/eagle/pbxl/sw/arm/Drivers/CMSIS/Device/ST/STM32H7xx/Include" -I"/Users/simon/Documents/eagle/pbxl/sw/arm/Drivers/CMSIS/Include"  -Og -g3 -Wall -fmessage-length=0 -ffunction-sections -c -fmessage-length=0 -MMD -MP -MF"Drivers/STM32H7xx_HAL_Driver/Src/stm32h7xx_hal_sd_ex.d" -MT"Drivers/STM32H7xx_HAL_Driver/Src/stm32h7xx_hal_sd_ex.o" -o "Drivers/STM32H7xx_HAL_Driver/Src/stm32h7xx_hal_sd_ex.o" "../Drivers/STM32H7xx_HAL_Driver/Src/stm32h7xx_hal_sd_ex.c"
Finished building: ../Drivers/STM32H7xx_HAL_Driver/Src/stm32h7xx_hal_sd_ex.c
 
Building file: ../Drivers/STM32H7xx_HAL_Driver/Src/stm32h7xx_hal_sdram.c
Invoking: MCU GCC Compiler
/Users/simon/Documents/eagle/pbxl/sw/arm/Debug
arm-none-eabi-gcc -mcpu=cortex-m7 -mthumb -mfloat-abi=hard -mfpu=fpv5-d16 '-D__weak=__attribute__((weak))' '-D__packed="__attribute__((__packed__))"' -DUSE_HAL_DRIVER -DSTM32H743xx -I"/Users/simon/Documents/eagle/pbxl/sw/arm/FATFS/Target" -I"/Users/simon/Documents/eagle/pbxl/sw/arm/FATFS/App" -I"/Users/simon/Documents/eagle/pbxl/sw/arm/Core/Inc" -I"/Users/simon/Documents/eagle/pbxl/sw/arm/Drivers/STM32H7xx_HAL_Driver/Inc" -I"/Users/simon/Documents/eagle/pbxl/sw/arm/Utilities/JPEG" -I"/Users/simon/Documents/eagle/pbxl/sw/arm/Drivers/STM32H7xx_HAL_Driver/Inc/Legacy" -I"/Users/simon/Documents/eagle/pbxl/sw/arm/Middlewares/Third_Party/FatFs/src" -I"/Users/simon/Documents/eagle/pbxl/sw/arm/Middlewares/Third_Party/FreeRTOS/Source/include" -I"/Users/simon/Documents/eagle/pbxl/sw/arm/Middlewares/Third_Party/FreeRTOS/Source/CMSIS_RTOS" -I"/Users/simon/Documents/eagle/pbxl/sw/arm/Middlewares/Third_Party/FreeRTOS/Source/portable/GCC/ARM_CM7/r0p1" -I"/Users/simon/Documents/eagle/pbxl/sw/arm/Drivers/CMSIS/Device/ST/STM32H7xx/Include" -I"/Users/simon/Documents/eagle/pbxl/sw/arm/Drivers/CMSIS/Include"  -Og -g3 -Wall -fmessage-length=0 -ffunction-sections -c -fmessage-length=0 -MMD -MP -MF"Drivers/STM32H7xx_HAL_Driver/Src/stm32h7xx_hal_sdram.d" -MT"Drivers/STM32H7xx_HAL_Driver/Src/stm32h7xx_hal_sdram.o" -o "Drivers/STM32H7xx_HAL_Driver/Src/stm32h7xx_hal_sdram.o" "../Drivers/STM32H7xx_HAL_Driver/Src/stm32h7xx_hal_sdram.c"
Finished building: ../Drivers/STM32H7xx_HAL_Driver/Src/stm32h7xx_hal_sdram.c
 
Building file: ../Drivers/STM32H7xx_HAL_Driver/Src/stm32h7xx_hal_spi.c
Invoking: MCU GCC Compiler
/Users/simon/Documents/eagle/pbxl/sw/arm/Debug
arm-none-eabi-gcc -mcpu=cortex-m7 -mthumb -mfloat-abi=hard -mfpu=fpv5-d16 '-D__weak=__attribute__((weak))' '-D__packed="__attribute__((__packed__))"' -DUSE_HAL_DRIVER -DSTM32H743xx -I"/Users/simon/Documents/eagle/pbxl/sw/arm/FATFS/Target" -I"/Users/simon/Documents/eagle/pbxl/sw/arm/FATFS/App" -I"/Users/simon/Documents/eagle/pbxl/sw/arm/Core/Inc" -I"/Users/simon/Documents/eagle/pbxl/sw/arm/Drivers/STM32H7xx_HAL_Driver/Inc" -I"/Users/simon/Documents/eagle/pbxl/sw/arm/Utilities/JPEG" -I"/Users/simon/Documents/eagle/pbxl/sw/arm/Drivers/STM32H7xx_HAL_Driver/Inc/Legacy" -I"/Users/simon/Documents/eagle/pbxl/sw/arm/Middlewares/Third_Party/FatFs/src" -I"/Users/simon/Documents/eagle/pbxl/sw/arm/Middlewares/Third_Party/FreeRTOS/Source/include" -I"/Users/simon/Documents/eagle/pbxl/sw/arm/Middlewares/Third_Party/FreeRTOS/Source/CMSIS_RTOS" -I"/Users/simon/Documents/eagle/pbxl/sw/arm/Middlewares/Third_Party/FreeRTOS/Source/portable/GCC/ARM_CM7/r0p1" -I"/Users/simon/Documents/eagle/pbxl/sw/arm/Drivers/CMSIS/Device/ST/STM32H7xx/Include" -I"/Users/simon/Documents/eagle/pbxl/sw/arm/Drivers/CMSIS/Include"  -Og -g3 -Wall -fmessage-length=0 -ffunction-sections -c -fmessage-length=0 -MMD -MP -MF"Drivers/STM32H7xx_HAL_Driver/Src/stm32h7xx_hal_spi.d" -MT"Drivers/STM32H7xx_HAL_Driver/Src/stm32h7xx_hal_spi.o" -o "Drivers/STM32H7xx_HAL_Driver/Src/stm32h7xx_hal_spi.o" "../Drivers/STM32H7xx_HAL_Driver/Src/stm32h7xx_hal_spi.c"
Finished building: ../Drivers/STM32H7xx_HAL_Driver/Src/stm32h7xx_hal_spi.c
 
Building file: ../Drivers/STM32H7xx_HAL_Driver/Src/stm32h7xx_hal_spi_ex.c
Invoking: MCU GCC Compiler
/Users/simon/Documents/eagle/pbxl/sw/arm/Debug
arm-none-eabi-gcc -mcpu=cortex-m7 -mthumb -mfloat-abi=hard -mfpu=fpv5-d16 '-D__weak=__attribute__((weak))' '-D__packed="__attribute__((__packed__))"' -DUSE_HAL_DRIVER -DSTM32H743xx -I"/Users/simon/Documents/eagle/pbxl/sw/arm/FATFS/Target" -I"/Users/simon/Documents/eagle/pbxl/sw/arm/FATFS/App" -I"/Users/simon/Documents/eagle/pbxl/sw/arm/Core/Inc" -I"/Users/simon/Documents/eagle/pbxl/sw/arm/Drivers/STM32H7xx_HAL_Driver/Inc" -I"/Users/simon/Documents/eagle/pbxl/sw/arm/Utilities/JPEG" -I"/Users/simon/Documents/eagle/pbxl/sw/arm/Drivers/STM32H7xx_HAL_Driver/Inc/Legacy" -I"/Users/simon/Documents/eagle/pbxl/sw/arm/Middlewares/Third_Party/FatFs/src" -I"/Users/simon/Documents/eagle/pbxl/sw/arm/Middlewares/Third_Party/FreeRTOS/Source/include" -I"/Users/simon/Documents/eagle/pbxl/sw/arm/Middlewares/Third_Party/FreeRTOS/Source/CMSIS_RTOS" -I"/Users/simon/Documents/eagle/pbxl/sw/arm/Middlewares/Third_Party/FreeRTOS/Source/portable/GCC/ARM_CM7/r0p1" -I"/Users/simon/Documents/eagle/pbxl/sw/arm/Drivers/CMSIS/Device/ST/STM32H7xx/Include" -I"/Users/simon/Documents/eagle/pbxl/sw/arm/Drivers/CMSIS/Include"  -Og -g3 -Wall -fmessage-length=0 -ffunction-sections -c -fmessage-length=0 -MMD -MP -MF"Drivers/STM32H7xx_HAL_Driver/Src/stm32h7xx_hal_spi_ex.d" -MT"Drivers/STM32H7xx_HAL_Driver/Src/stm32h7xx_hal_spi_ex.o" -o "Drivers/STM32H7xx_HAL_Driver/Src/stm32h7xx_hal_spi_ex.o" "../Drivers/STM32H7xx_HAL_Driver/Src/stm32h7xx_hal_spi_ex.c"
Finished building: ../Drivers/STM32H7xx_HAL_Driver/Src/stm32h7xx_hal_spi_ex.c
 
Building file: ../Drivers/STM32H7xx_HAL_Driver/Src/stm32h7xx_hal_tim.c
Invoking: MCU GCC Compiler
/Users/simon/Documents/eagle/pbxl/sw/arm/Debug
arm-none-eabi-gcc -mcpu=cortex-m7 -mthumb -mfloat-abi=hard -mfpu=fpv5-d16 '-D__weak=__attribute__((weak))' '-D__packed="__attribute__((__packed__))"' -DUSE_HAL_DRIVER -DSTM32H743xx -I"/Users/simon/Documents/eagle/pbxl/sw/arm/FATFS/Target" -I"/Users/simon/Documents/eagle/pbxl/sw/arm/FATFS/App" -I"/Users/simon/Documents/eagle/pbxl/sw/arm/Core/Inc" -I"/Users/simon/Documents/eagle/pbxl/sw/arm/Drivers/STM32H7xx_HAL_Driver/Inc" -I"/Users/simon/Documents/eagle/pbxl/sw/arm/Utilities/JPEG" -I"/Users/simon/Documents/eagle/pbxl/sw/arm/Drivers/STM32H7xx_HAL_Driver/Inc/Legacy" -I"/Users/simon/Documents/eagle/pbxl/sw/arm/Middlewares/Third_Party/FatFs/src" -I"/Users/simon/Documents/eagle/pbxl/sw/arm/Middlewares/Third_Party/FreeRTOS/Source/include" -I"/Users/simon/Documents/eagle/pbxl/sw/arm/Middlewares/Third_Party/FreeRTOS/Source/CMSIS_RTOS" -I"/Users/simon/Documents/eagle/pbxl/sw/arm/Middlewares/Third_Party/FreeRTOS/Source/portable/GCC/ARM_CM7/r0p1" -I"/Users/simon/Documents/eagle/pbxl/sw/arm/Drivers/CMSIS/Device/ST/STM32H7xx/Include" -I"/Users/simon/Documents/eagle/pbxl/sw/arm/Drivers/CMSIS/Include"  -Og -g3 -Wall -fmessage-length=0 -ffunction-sections -c -fmessage-length=0 -MMD -MP -MF"Drivers/STM32H7xx_HAL_Driver/Src/stm32h7xx_hal_tim.d" -MT"Drivers/STM32H7xx_HAL_Driver/Src/stm32h7xx_hal_tim.o" -o "Drivers/STM32H7xx_HAL_Driver/Src/stm32h7xx_hal_tim.o" "../Drivers/STM32H7xx_HAL_Driver/Src/stm32h7xx_hal_tim.c"
Finished building: ../Drivers/STM32H7xx_HAL_Driver/Src/stm32h7xx_hal_tim.c
 
Building file: ../Drivers/STM32H7xx_HAL_Driver/Src/stm32h7xx_hal_tim_ex.c
Invoking: MCU GCC Compiler
/Users/simon/Documents/eagle/pbxl/sw/arm/Debug
arm-none-eabi-gcc -mcpu=cortex-m7 -mthumb -mfloat-abi=hard -mfpu=fpv5-d16 '-D__weak=__attribute__((weak))' '-D__packed="__attribute__((__packed__))"' -DUSE_HAL_DRIVER -DSTM32H743xx -I"/Users/simon/Documents/eagle/pbxl/sw/arm/FATFS/Target" -I"/Users/simon/Documents/eagle/pbxl/sw/arm/FATFS/App" -I"/Users/simon/Documents/eagle/pbxl/sw/arm/Core/Inc" -I"/Users/simon/Documents/eagle/pbxl/sw/arm/Drivers/STM32H7xx_HAL_Driver/Inc" -I"/Users/simon/Documents/eagle/pbxl/sw/arm/Utilities/JPEG" -I"/Users/simon/Documents/eagle/pbxl/sw/arm/Drivers/STM32H7xx_HAL_Driver/Inc/Legacy" -I"/Users/simon/Documents/eagle/pbxl/sw/arm/Middlewares/Third_Party/FatFs/src" -I"/Users/simon/Documents/eagle/pbxl/sw/arm/Middlewares/Third_Party/FreeRTOS/Source/include" -I"/Users/simon/Documents/eagle/pbxl/sw/arm/Middlewares/Third_Party/FreeRTOS/Source/CMSIS_RTOS" -I"/Users/simon/Documents/eagle/pbxl/sw/arm/Middlewares/Third_Party/FreeRTOS/Source/portable/GCC/ARM_CM7/r0p1" -I"/Users/simon/Documents/eagle/pbxl/sw/arm/Drivers/CMSIS/Device/ST/STM32H7xx/Include" -I"/Users/simon/Documents/eagle/pbxl/sw/arm/Drivers/CMSIS/Include"  -Og -g3 -Wall -fmessage-length=0 -ffunction-sections -c -fmessage-length=0 -MMD -MP -MF"Drivers/STM32H7xx_HAL_Driver/Src/stm32h7xx_hal_tim_ex.d" -MT"Drivers/STM32H7xx_HAL_Driver/Src/stm32h7xx_hal_tim_ex.o" -o "Drivers/STM32H7xx_HAL_Driver/Src/stm32h7xx_hal_tim_ex.o" "../Drivers/STM32H7xx_HAL_Driver/Src/stm32h7xx_hal_tim_ex.c"
Finished building: ../Drivers/STM32H7xx_HAL_Driver/Src/stm32h7xx_hal_tim_ex.c
 
Building file: ../Drivers/STM32H7xx_HAL_Driver/Src/stm32h7xx_hal_uart.c
Invoking: MCU GCC Compiler
/Users/simon/Documents/eagle/pbxl/sw/arm/Debug
arm-none-eabi-gcc -mcpu=cortex-m7 -mthumb -mfloat-abi=hard -mfpu=fpv5-d16 '-D__weak=__attribute__((weak))' '-D__packed="__attribute__((__packed__))"' -DUSE_HAL_DRIVER -DSTM32H743xx -I"/Users/simon/Documents/eagle/pbxl/sw/arm/FATFS/Target" -I"/Users/simon/Documents/eagle/pbxl/sw/arm/FATFS/App" -I"/Users/simon/Documents/eagle/pbxl/sw/arm/Core/Inc" -I"/Users/simon/Documents/eagle/pbxl/sw/arm/Drivers/STM32H7xx_HAL_Driver/Inc" -I"/Users/simon/Documents/eagle/pbxl/sw/arm/Utilities/JPEG" -I"/Users/simon/Documents/eagle/pbxl/sw/arm/Drivers/STM32H7xx_HAL_Driver/Inc/Legacy" -I"/Users/simon/Documents/eagle/pbxl/sw/arm/Middlewares/Third_Party/FatFs/src" -I"/Users/simon/Documents/eagle/pbxl/sw/arm/Middlewares/Third_Party/FreeRTOS/Source/include" -I"/Users/simon/Documents/eagle/pbxl/sw/arm/Middlewares/Third_Party/FreeRTOS/Source/CMSIS_RTOS" -I"/Users/simon/Documents/eagle/pbxl/sw/arm/Middlewares/Third_Party/FreeRTOS/Source/portable/GCC/ARM_CM7/r0p1" -I"/Users/simon/Documents/eagle/pbxl/sw/arm/Drivers/CMSIS/Device/ST/STM32H7xx/Include" -I"/Users/simon/Documents/eagle/pbxl/sw/arm/Drivers/CMSIS/Include"  -Og -g3 -Wall -fmessage-length=0 -ffunction-sections -c -fmessage-length=0 -MMD -MP -MF"Drivers/STM32H7xx_HAL_Driver/Src/stm32h7xx_hal_uart.d" -MT"Drivers/STM32H7xx_HAL_Driver/Src/stm32h7xx_hal_uart.o" -o "Drivers/STM32H7xx_HAL_Driver/Src/stm32h7xx_hal_uart.o" "../Drivers/STM32H7xx_HAL_Driver/Src/stm32h7xx_hal_uart.c"
Finished building: ../Drivers/STM32H7xx_HAL_Driver/Src/stm32h7xx_hal_uart.c
 
Building file: ../Drivers/STM32H7xx_HAL_Driver/Src/stm32h7xx_hal_uart_ex.c
Invoking: MCU GCC Compiler
/Users/simon/Documents/eagle/pbxl/sw/arm/Debug
arm-none-eabi-gcc -mcpu=cortex-m7 -mthumb -mfloat-abi=hard -mfpu=fpv5-d16 '-D__weak=__attribute__((weak))' '-D__packed="__attribute__((__packed__))"' -DUSE_HAL_DRIVER -DSTM32H743xx -I"/Users/simon/Documents/eagle/pbxl/sw/arm/FATFS/Target" -I"/Users/simon/Documents/eagle/pbxl/sw/arm/FATFS/App" -I"/Users/simon/Documents/eagle/pbxl/sw/arm/Core/Inc" -I"/Users/simon/Documents/eagle/pbxl/sw/arm/Drivers/STM32H7xx_HAL_Driver/Inc" -I"/Users/simon/Documents/eagle/pbxl/sw/arm/Utilities/JPEG" -I"/Users/simon/Documents/eagle/pbxl/sw/arm/Drivers/STM32H7xx_HAL_Driver/Inc/Legacy" -I"/Users/simon/Documents/eagle/pbxl/sw/arm/Middlewares/Third_Party/FatFs/src" -I"/Users/simon/Documents/eagle/pbxl/sw/arm/Middlewares/Third_Party/FreeRTOS/Source/include" -I"/Users/simon/Documents/eagle/pbxl/sw/arm/Middlewares/Third_Party/FreeRTOS/Source/CMSIS_RTOS" -I"/Users/simon/Documents/eagle/pbxl/sw/arm/Middlewares/Third_Party/FreeRTOS/Source/portable/GCC/ARM_CM7/r0p1" -I"/Users/simon/Documents/eagle/pbxl/sw/arm/Drivers/CMSIS/Device/ST/STM32H7xx/Include" -I"/Users/simon/Documents/eagle/pbxl/sw/arm/Drivers/CMSIS/Include"  -Og -g3 -Wall -fmessage-length=0 -ffunction-sections -c -fmessage-length=0 -MMD -MP -MF"Drivers/STM32H7xx_HAL_Driver/Src/stm32h7xx_hal_uart_ex.d" -MT"Drivers/STM32H7xx_HAL_Driver/Src/stm32h7xx_hal_uart_ex.o" -o "Drivers/STM32H7xx_HAL_Driver/Src/stm32h7xx_hal_uart_ex.o" "../Drivers/STM32H7xx_HAL_Driver/Src/stm32h7xx_hal_uart_ex.c"
Finished building: ../Drivers/STM32H7xx_HAL_Driver/Src/stm32h7xx_hal_uart_ex.c
 
Building file: ../Drivers/STM32H7xx_HAL_Driver/Src/stm32h7xx_ll_delayblock.c
Invoking: MCU GCC Compiler
/Users/simon/Documents/eagle/pbxl/sw/arm/Debug
arm-none-eabi-gcc -mcpu=cortex-m7 -mthumb -mfloat-abi=hard -mfpu=fpv5-d16 '-D__weak=__attribute__((weak))' '-D__packed="__attribute__((__packed__))"' -DUSE_HAL_DRIVER -DSTM32H743xx -I"/Users/simon/Documents/eagle/pbxl/sw/arm/FATFS/Target" -I"/Users/simon/Documents/eagle/pbxl/sw/arm/FATFS/App" -I"/Users/simon/Documents/eagle/pbxl/sw/arm/Core/Inc" -I"/Users/simon/Documents/eagle/pbxl/sw/arm/Drivers/STM32H7xx_HAL_Driver/Inc" -I"/Users/simon/Documents/eagle/pbxl/sw/arm/Utilities/JPEG" -I"/Users/simon/Documents/eagle/pbxl/sw/arm/Drivers/STM32H7xx_HAL_Driver/Inc/Legacy" -I"/Users/simon/Documents/eagle/pbxl/sw/arm/Middlewares/Third_Party/FatFs/src" -I"/Users/simon/Documents/eagle/pbxl/sw/arm/Middlewares/Third_Party/FreeRTOS/Source/include" -I"/Users/simon/Documents/eagle/pbxl/sw/arm/Middlewares/Third_Party/FreeRTOS/Source/CMSIS_RTOS" -I"/Users/simon/Documents/eagle/pbxl/sw/arm/Middlewares/Third_Party/FreeRTOS/Source/portable/GCC/ARM_CM7/r0p1" -I"/Users/simon/Documents/eagle/pbxl/sw/arm/Drivers/CMSIS/Device/ST/STM32H7xx/Include" -I"/Users/simon/Documents/eagle/pbxl/sw/arm/Drivers/CMSIS/Include"  -Og -g3 -Wall -fmessage-length=0 -ffunction-sections -c -fmessage-length=0 -MMD -MP -MF"Drivers/STM32H7xx_HAL_Driver/Src/stm32h7xx_ll_delayblock.d" -MT"Drivers/STM32H7xx_HAL_Driver/Src/stm32h7xx_ll_delayblock.o" -o "Drivers/STM32H7xx_HAL_Driver/Src/stm32h7xx_ll_delayblock.o" "../Drivers/STM32H7xx_HAL_Driver/Src/stm32h7xx_ll_delayblock.c"
Finished building: ../Drivers/STM32H7xx_HAL_Driver/Src/stm32h7xx_ll_delayblock.c
 
Building file: ../Drivers/STM32H7xx_HAL_Driver/Src/stm32h7xx_ll_fmc.c
Invoking: MCU GCC Compiler
/Users/simon/Documents/eagle/pbxl/sw/arm/Debug
arm-none-eabi-gcc -mcpu=cortex-m7 -mthumb -mfloat-abi=hard -mfpu=fpv5-d16 '-D__weak=__attribute__((weak))' '-D__packed="__attribute__((__packed__))"' -DUSE_HAL_DRIVER -DSTM32H743xx -I"/Users/simon/Documents/eagle/pbxl/sw/arm/FATFS/Target" -I"/Users/simon/Documents/eagle/pbxl/sw/arm/FATFS/App" -I"/Users/simon/Documents/eagle/pbxl/sw/arm/Core/Inc" -I"/Users/simon/Documents/eagle/pbxl/sw/arm/Drivers/STM32H7xx_HAL_Driver/Inc" -I"/Users/simon/Documents/eagle/pbxl/sw/arm/Utilities/JPEG" -I"/Users/simon/Documents/eagle/pbxl/sw/arm/Drivers/STM32H7xx_HAL_Driver/Inc/Legacy" -I"/Users/simon/Documents/eagle/pbxl/sw/arm/Middlewares/Third_Party/FatFs/src" -I"/Users/simon/Documents/eagle/pbxl/sw/arm/Middlewares/Third_Party/FreeRTOS/Source/include" -I"/Users/simon/Documents/eagle/pbxl/sw/arm/Middlewares/Third_Party/FreeRTOS/Source/CMSIS_RTOS" -I"/Users/simon/Documents/eagle/pbxl/sw/arm/Middlewares/Third_Party/FreeRTOS/Source/portable/GCC/ARM_CM7/r0p1" -I"/Users/simon/Documents/eagle/pbxl/sw/arm/Drivers/CMSIS/Device/ST/STM32H7xx/Include" -I"/Users/simon/Documents/eagle/pbxl/sw/arm/Drivers/CMSIS/Include"  -Og -g3 -Wall -fmessage-length=0 -ffunction-sections -c -fmessage-length=0 -MMD -MP -MF"Drivers/STM32H7xx_HAL_Driver/Src/stm32h7xx_ll_fmc.d" -MT"Drivers/STM32H7xx_HAL_Driver/Src/stm32h7xx_ll_fmc.o" -o "Drivers/STM32H7xx_HAL_Driver/Src/stm32h7xx_ll_fmc.o" "../Drivers/STM32H7xx_HAL_Driver/Src/stm32h7xx_ll_fmc.c"
Finished building: ../Drivers/STM32H7xx_HAL_Driver/Src/stm32h7xx_ll_fmc.c
 
Building file: ../Drivers/STM32H7xx_HAL_Driver/Src/stm32h7xx_ll_sdmmc.c
Invoking: MCU GCC Compiler
/Users/simon/Documents/eagle/pbxl/sw/arm/Debug
arm-none-eabi-gcc -mcpu=cortex-m7 -mthumb -mfloat-abi=hard -mfpu=fpv5-d16 '-D__weak=__attribute__((weak))' '-D__packed="__attribute__((__packed__))"' -DUSE_HAL_DRIVER -DSTM32H743xx -I"/Users/simon/Documents/eagle/pbxl/sw/arm/FATFS/Target" -I"/Users/simon/Documents/eagle/pbxl/sw/arm/FATFS/App" -I"/Users/simon/Documents/eagle/pbxl/sw/arm/Core/Inc" -I"/Users/simon/Documents/eagle/pbxl/sw/arm/Drivers/STM32H7xx_HAL_Driver/Inc" -I"/Users/simon/Documents/eagle/pbxl/sw/arm/Utilities/JPEG" -I"/Users/simon/Documents/eagle/pbxl/sw/arm/Drivers/STM32H7xx_HAL_Driver/Inc/Legacy" -I"/Users/simon/Documents/eagle/pbxl/sw/arm/Middlewares/Third_Party/FatFs/src" -I"/Users/simon/Documents/eagle/pbxl/sw/arm/Middlewares/Third_Party/FreeRTOS/Source/include" -I"/Users/simon/Documents/eagle/pbxl/sw/arm/Middlewares/Third_Party/FreeRTOS/Source/CMSIS_RTOS" -I"/Users/simon/Documents/eagle/pbxl/sw/arm/Middlewares/Third_Party/FreeRTOS/Source/portable/GCC/ARM_CM7/r0p1" -I"/Users/simon/Documents/eagle/pbxl/sw/arm/Drivers/CMSIS/Device/ST/STM32H7xx/Include" -I"/Users/simon/Documents/eagle/pbxl/sw/arm/Drivers/CMSIS/Include"  -Og -g3 -Wall -fmessage-length=0 -ffunction-sections -c -fmessage-length=0 -MMD -MP -MF"Drivers/STM32H7xx_HAL_Driver/Src/stm32h7xx_ll_sdmmc.d" -MT"Drivers/STM32H7xx_HAL_Driver/Src/stm32h7xx_ll_sdmmc.o" -o "Drivers/STM32H7xx_HAL_Driver/Src/stm32h7xx_ll_sdmmc.o" "../Drivers/STM32H7xx_HAL_Driver/Src/stm32h7xx_ll_sdmmc.c"
Finished building: ../Drivers/STM32H7xx_HAL_Driver/Src/stm32h7xx_ll_sdmmc.c
 
Building file: ../Core/Src/freertos.c
Invoking: MCU GCC Compiler
/Users/simon/Documents/eagle/pbxl/sw/arm/Debug
arm-none-eabi-gcc -mcpu=cortex-m7 -mthumb -mfloat-abi=hard -mfpu=fpv5-d16 '-D__weak=__attribute__((weak))' '-D__packed="__attribute__((__packed__))"' -DUSE_HAL_DRIVER -DSTM32H743xx -I"/Users/simon/Documents/eagle/pbxl/sw/arm/FATFS/Target" -I"/Users/simon/Documents/eagle/pbxl/sw/arm/FATFS/App" -I"/Users/simon/Documents/eagle/pbxl/sw/arm/Core/Inc" -I"/Users/simon/Documents/eagle/pbxl/sw/arm/Drivers/STM32H7xx_HAL_Driver/Inc" -I"/Users/simon/Documents/eagle/pbxl/sw/arm/Utilities/JPEG" -I"/Users/simon/Documents/eagle/pbxl/sw/arm/Drivers/STM32H7xx_HAL_Driver/Inc/Legacy" -I"/Users/simon/Documents/eagle/pbxl/sw/arm/Middlewares/Third_Party/FatFs/src" -I"/Users/simon/Documents/eagle/pbxl/sw/arm/Middlewares/Third_Party/FreeRTOS/Source/include" -I"/Users/simon/Documents/eagle/pbxl/sw/arm/Middlewares/Third_Party/FreeRTOS/Source/CMSIS_RTOS" -I"/Users/simon/Documents/eagle/pbxl/sw/arm/Middlewares/Third_Party/FreeRTOS/Source/portable/GCC/ARM_CM7/r0p1" -I"/Users/simon/Documents/eagle/pbxl/sw/arm/Drivers/CMSIS/Device/ST/STM32H7xx/Include" -I"/Users/simon/Documents/eagle/pbxl/sw/arm/Drivers/CMSIS/Include"  -Og -g3 -Wall -fmessage-length=0 -ffunction-sections -c -fmessage-length=0 -MMD -MP -MF"Core/Src/freertos.d" -MT"Core/Src/freertos.o" -o "Core/Src/freertos.o" "../Core/Src/freertos.c"
Finished building: ../Core/Src/freertos.c
 
Building file: ../Core/Src/main.c
Invoking: MCU GCC Compiler
/Users/simon/Documents/eagle/pbxl/sw/arm/Debug
arm-none-eabi-gcc -mcpu=cortex-m7 -mthumb -mfloat-abi=hard -mfpu=fpv5-d16 '-D__weak=__attribute__((weak))' '-D__packed="__attribute__((__packed__))"' -DUSE_HAL_DRIVER -DSTM32H743xx -I"/Users/simon/Documents/eagle/pbxl/sw/arm/FATFS/Target" -I"/Users/simon/Documents/eagle/pbxl/sw/arm/FATFS/App" -I"/Users/simon/Documents/eagle/pbxl/sw/arm/Core/Inc" -I"/Users/simon/Documents/eagle/pbxl/sw/arm/Drivers/STM32H7xx_HAL_Driver/Inc" -I"/Users/simon/Documents/eagle/pbxl/sw/arm/Utilities/JPEG" -I"/Users/simon/Documents/eagle/pbxl/sw/arm/Drivers/STM32H7xx_HAL_Driver/Inc/Legacy" -I"/Users/simon/Documents/eagle/pbxl/sw/arm/Middlewares/Third_Party/FatFs/src" -I"/Users/simon/Documents/eagle/pbxl/sw/arm/Middlewares/Third_Party/FreeRTOS/Source/include" -I"/Users/simon/Documents/eagle/pbxl/sw/arm/Middlewares/Third_Party/FreeRTOS/Source/CMSIS_RTOS" -I"/Users/simon/Documents/eagle/pbxl/sw/arm/Middlewares/Third_Party/FreeRTOS/Source/portable/GCC/ARM_CM7/r0p1" -I"/Users/simon/Documents/eagle/pbxl/sw/arm/Drivers/CMSIS/Device/ST/STM32H7xx/Include" -I"/Users/simon/Documents/eagle/pbxl/sw/arm/Drivers/CMSIS/Include"  -Og -g3 -Wall -fmessage-length=0 -ffunction-sections -c -fmessage-length=0 -MMD -MP -MF"Core/Src/main.d" -MT"Core/Src/main.o" -o "Core/Src/main.o" "../Core/Src/main.c"
Finished building: ../Core/Src/main.c
 
Building file: ../Core/Src/stm32h7xx_hal_msp.c
Invoking: MCU GCC Compiler
/Users/simon/Documents/eagle/pbxl/sw/arm/Debug
arm-none-eabi-gcc -mcpu=cortex-m7 -mthumb -mfloat-abi=hard -mfpu=fpv5-d16 '-D__weak=__attribute__((weak))' '-D__packed="__attribute__((__packed__))"' -DUSE_HAL_DRIVER -DSTM32H743xx -I"/Users/simon/Documents/eagle/pbxl/sw/arm/FATFS/Target" -I"/Users/simon/Documents/eagle/pbxl/sw/arm/FATFS/App" -I"/Users/simon/Documents/eagle/pbxl/sw/arm/Core/Inc" -I"/Users/simon/Documents/eagle/pbxl/sw/arm/Drivers/STM32H7xx_HAL_Driver/Inc" -I"/Users/simon/Documents/eagle/pbxl/sw/arm/Utilities/JPEG" -I"/Users/simon/Documents/eagle/pbxl/sw/arm/Drivers/STM32H7xx_HAL_Driver/Inc/Legacy" -I"/Users/simon/Documents/eagle/pbxl/sw/arm/Middlewares/Third_Party/FatFs/src" -I"/Users/simon/Documents/eagle/pbxl/sw/arm/Middlewares/Third_Party/FreeRTOS/Source/include" -I"/Users/simon/Documents/eagle/pbxl/sw/arm/Middlewares/Third_Party/FreeRTOS/Source/CMSIS_RTOS" -I"/Users/simon/Documents/eagle/pbxl/sw/arm/Middlewares/Third_Party/FreeRTOS/Source/portable/GCC/ARM_CM7/r0p1" -I"/Users/simon/Documents/eagle/pbxl/sw/arm/Drivers/CMSIS/Device/ST/STM32H7xx/Include" -I"/Users/simon/Documents/eagle/pbxl/sw/arm/Drivers/CMSIS/Include"  -Og -g3 -Wall -fmessage-length=0 -ffunction-sections -c -fmessage-length=0 -MMD -MP -MF"Core/Src/stm32h7xx_hal_msp.d" -MT"Core/Src/stm32h7xx_hal_msp.o" -o "Core/Src/stm32h7xx_hal_msp.o" "../Core/Src/stm32h7xx_hal_msp.c"
Finished building: ../Core/Src/stm32h7xx_hal_msp.c
 
Building file: ../Core/Src/stm32h7xx_hal_timebase_tim.c
Invoking: MCU GCC Compiler
/Users/simon/Documents/eagle/pbxl/sw/arm/Debug
arm-none-eabi-gcc -mcpu=cortex-m7 -mthumb -mfloat-abi=hard -mfpu=fpv5-d16 '-D__weak=__attribute__((weak))' '-D__packed="__attribute__((__packed__))"' -DUSE_HAL_DRIVER -DSTM32H743xx -I"/Users/simon/Documents/eagle/pbxl/sw/arm/FATFS/Target" -I"/Users/simon/Documents/eagle/pbxl/sw/arm/FATFS/App" -I"/Users/simon/Documents/eagle/pbxl/sw/arm/Core/Inc" -I"/Users/simon/Documents/eagle/pbxl/sw/arm/Drivers/STM32H7xx_HAL_Driver/Inc" -I"/Users/simon/Documents/eagle/pbxl/sw/arm/Utilities/JPEG" -I"/Users/simon/Documents/eagle/pbxl/sw/arm/Drivers/STM32H7xx_HAL_Driver/Inc/Legacy" -I"/Users/simon/Documents/eagle/pbxl/sw/arm/Middlewares/Third_Party/FatFs/src" -I"/Users/simon/Documents/eagle/pbxl/sw/arm/Middlewares/Third_Party/FreeRTOS/Source/include" -I"/Users/simon/Documents/eagle/pbxl/sw/arm/Middlewares/Third_Party/FreeRTOS/Source/CMSIS_RTOS" -I"/Users/simon/Documents/eagle/pbxl/sw/arm/Middlewares/Third_Party/FreeRTOS/Source/portable/GCC/ARM_CM7/r0p1" -I"/Users/simon/Documents/eagle/pbxl/sw/arm/Drivers/CMSIS/Device/ST/STM32H7xx/Include" -I"/Users/simon/Documents/eagle/pbxl/sw/arm/Drivers/CMSIS/Include"  -Og -g3 -Wall -fmessage-length=0 -ffunction-sections -c -fmessage-length=0 -MMD -MP -MF"Core/Src/stm32h7xx_hal_timebase_tim.d" -MT"Core/Src/stm32h7xx_hal_timebase_tim.o" -o "Core/Src/stm32h7xx_hal_timebase_tim.o" "../Core/Src/stm32h7xx_hal_timebase_tim.c"
Finished building: ../Core/Src/stm32h7xx_hal_timebase_tim.c
 
Building file: ../Core/Src/stm32h7xx_it.c
Invoking: MCU GCC Compiler
/Users/simon/Documents/eagle/pbxl/sw/arm/Debug
arm-none-eabi-gcc -mcpu=cortex-m7 -mthumb -mfloat-abi=hard -mfpu=fpv5-d16 '-D__weak=__attribute__((weak))' '-D__packed="__attribute__((__packed__))"' -DUSE_HAL_DRIVER -DSTM32H743xx -I"/Users/simon/Documents/eagle/pbxl/sw/arm/FATFS/Target" -I"/Users/simon/Documents/eagle/pbxl/sw/arm/FATFS/App" -I"/Users/simon/Documents/eagle/pbxl/sw/arm/Core/Inc" -I"/Users/simon/Documents/eagle/pbxl/sw/arm/Drivers/STM32H7xx_HAL_Driver/Inc" -I"/Users/simon/Documents/eagle/pbxl/sw/arm/Utilities/JPEG" -I"/Users/simon/Documents/eagle/pbxl/sw/arm/Drivers/STM32H7xx_HAL_Driver/Inc/Legacy" -I"/Users/simon/Documents/eagle/pbxl/sw/arm/Middlewares/Third_Party/FatFs/src" -I"/Users/simon/Documents/eagle/pbxl/sw/arm/Middlewares/Third_Party/FreeRTOS/Source/include" -I"/Users/simon/Documents/eagle/pbxl/sw/arm/Middlewares/Third_Party/FreeRTOS/Source/CMSIS_RTOS" -I"/Users/simon/Documents/eagle/pbxl/sw/arm/Middlewares/Third_Party/FreeRTOS/Source/portable/GCC/ARM_CM7/r0p1" -I"/Users/simon/Documents/eagle/pbxl/sw/arm/Drivers/CMSIS/Device/ST/STM32H7xx/Include" -I"/Users/simon/Documents/eagle/pbxl/sw/arm/Drivers/CMSIS/Include"  -Og -g3 -Wall -fmessage-length=0 -ffunction-sections -c -fmessage-length=0 -MMD -MP -MF"Core/Src/stm32h7xx_it.d" -MT"Core/Src/stm32h7xx_it.o" -o "Core/Src/stm32h7xx_it.o" "../Core/Src/stm32h7xx_it.c"
Finished building: ../Core/Src/stm32h7xx_it.c
 
Building file: ../Core/Src/system_stm32h7xx.c
Invoking: MCU GCC Compiler
/Users/simon/Documents/eagle/pbxl/sw/arm/Debug
arm-none-eabi-gcc -mcpu=cortex-m7 -mthumb -mfloat-abi=hard -mfpu=fpv5-d16 '-D__weak=__attribute__((weak))' '-D__packed="__attribute__((__packed__))"' -DUSE_HAL_DRIVER -DSTM32H743xx -I"/Users/simon/Documents/eagle/pbxl/sw/arm/FATFS/Target" -I"/Users/simon/Documents/eagle/pbxl/sw/arm/FATFS/App" -I"/Users/simon/Documents/eagle/pbxl/sw/arm/Core/Inc" -I"/Users/simon/Documents/eagle/pbxl/sw/arm/Drivers/STM32H7xx_HAL_Driver/Inc" -I"/Users/simon/Documents/eagle/pbxl/sw/arm/Utilities/JPEG" -I"/Users/simon/Documents/eagle/pbxl/sw/arm/Drivers/STM32H7xx_HAL_Driver/Inc/Legacy" -I"/Users/simon/Documents/eagle/pbxl/sw/arm/Middlewares/Third_Party/FatFs/src" -I"/Users/simon/Documents/eagle/pbxl/sw/arm/Middlewares/Third_Party/FreeRTOS/Source/include" -I"/Users/simon/Documents/eagle/pbxl/sw/arm/Middlewares/Third_Party/FreeRTOS/Source/CMSIS_RTOS" -I"/Users/simon/Documents/eagle/pbxl/sw/arm/Middlewares/Third_Party/FreeRTOS/Source/portable/GCC/ARM_CM7/r0p1" -I"/Users/simon/Documents/eagle/pbxl/sw/arm/Drivers/CMSIS/Device/ST/STM32H7xx/Include" -I"/Users/simon/Documents/eagle/pbxl/sw/arm/Drivers/CMSIS/Include"  -Og -g3 -Wall -fmessage-length=0 -ffunction-sections -c -fmessage-length=0 -MMD -MP -MF"Core/Src/system_stm32h7xx.d" -MT"Core/Src/system_stm32h7xx.o" -o "Core/Src/system_stm32h7xx.o" "../Core/Src/system_stm32h7xx.c"
Finished building: ../Core/Src/system_stm32h7xx.c
 
Building target: arm.elf
Invoking: MCU GCC Linker
arm-none-eabi-gcc -mcpu=cortex-m7 -mthumb -mfloat-abi=hard -mfpu=fpv5-d16 -specs=nosys.specs -specs=nano.specs -T"../STM32H743XIHx_FLASH.ld" -Wl,-Map=output.map -Wl,--gc-sections -o "arm.elf" @"objects.list"   -lm
Finished building target: arm.elf
 
/Applications/Xcode.app/Contents/Developer/usr/bin/make --no-print-directory post-build
Generating hex and Printing size information:
arm-none-eabi-objcopy -O ihex "arm.elf" "arm.hex"
arm-none-eabi-size "arm.elf"
   text	   data	    bss	    dec	    hex	filename
  31232	     32	  19576	  50840	   c698	arm.elf
 
